Archive member included because of file (symbol)

c:/program files (x86)/gnu tools arm embedded/4.8 2014q3/bin/../lib/gcc/arm-none-eabi/4.8.4/armv7-m\libgcc.a(_arm_addsubdf3.o)
                              ..\obj\printf2.o (__aeabi_dsub)
c:/program files (x86)/gnu tools arm embedded/4.8 2014q3/bin/../lib/gcc/arm-none-eabi/4.8.4/armv7-m\libgcc.a(_arm_muldivdf3.o)
                              ..\obj\printf2.o (__aeabi_dmul)
c:/program files (x86)/gnu tools arm embedded/4.8 2014q3/bin/../lib/gcc/arm-none-eabi/4.8.4/armv7-m\libgcc.a(_arm_cmpdf2.o)
                              ..\obj\protocol.o (__aeabi_dcmpeq)
c:/program files (x86)/gnu tools arm embedded/4.8 2014q3/bin/../lib/gcc/arm-none-eabi/4.8.4/armv7-m\libgcc.a(_arm_fixdfsi.o)
                              ..\obj\controller.o (__aeabi_d2iz)
c:/program files (x86)/gnu tools arm embedded/4.8 2014q3/bin/../lib/gcc/arm-none-eabi/4.8.4/armv7-m\libgcc.a(_arm_fixunsdfsi.o)
                              ..\obj\printf2.o (__aeabi_d2uiz)
c:/program files (x86)/gnu tools arm embedded/4.8 2014q3/bin/../lib/gcc/arm-none-eabi/4.8.4/armv7-m\libgcc.a(_arm_addsubsf3.o)
                              ..\obj\sbus.o (__aeabi_fadd)
c:/program files (x86)/gnu tools arm embedded/4.8 2014q3/bin/../lib/gcc/arm-none-eabi/4.8.4/armv7-m\libgcc.a(_arm_muldivsf3.o)
                              ..\obj\sbus.o (__aeabi_fmul)
c:/program files (x86)/gnu tools arm embedded/4.8 2014q3/bin/../lib/gcc/arm-none-eabi/4.8.4/armv7-m\libgcc.a(_arm_fixunssfsi.o)
                              ..\obj\sbus.o (__aeabi_f2uiz)
c:/program files (x86)/gnu tools arm embedded/4.8 2014q3/bin/../lib/gcc/arm-none-eabi/4.8.4/../../../../arm-none-eabi/lib/armv7-m\libc.a(lib_a-atoi.o)
                              ..\obj\protocol.o (atoi)
c:/program files (x86)/gnu tools arm embedded/4.8 2014q3/bin/../lib/gcc/arm-none-eabi/4.8.4/../../../../arm-none-eabi/lib/armv7-m\libc.a(lib_a-errno.o)
                              ..\obj\protocol.o (__errno)
c:/program files (x86)/gnu tools arm embedded/4.8 2014q3/bin/../lib/gcc/arm-none-eabi/4.8.4/../../../../arm-none-eabi/lib/armv7-m\libc.a(lib_a-exit.o)
                              c:/program files (x86)/gnu tools arm embedded/4.8 2014q3/bin/../lib/gcc/arm-none-eabi/4.8.4/../../../../arm-none-eabi/lib/armv7-m/crt0.o (exit)
c:/program files (x86)/gnu tools arm embedded/4.8 2014q3/bin/../lib/gcc/arm-none-eabi/4.8.4/../../../../arm-none-eabi/lib/armv7-m\libc.a(lib_a-impure.o)
                              c:/program files (x86)/gnu tools arm embedded/4.8 2014q3/bin/../lib/gcc/arm-none-eabi/4.8.4/../../../../arm-none-eabi/lib/armv7-m\libc.a(lib_a-exit.o) (_global_impure_ptr)
c:/program files (x86)/gnu tools arm embedded/4.8 2014q3/bin/../lib/gcc/arm-none-eabi/4.8.4/../../../../arm-none-eabi/lib/armv7-m\libc.a(lib_a-init.o)
                              c:/program files (x86)/gnu tools arm embedded/4.8 2014q3/bin/../lib/gcc/arm-none-eabi/4.8.4/../../../../arm-none-eabi/lib/armv7-m/crt0.o (__libc_init_array)
c:/program files (x86)/gnu tools arm embedded/4.8 2014q3/bin/../lib/gcc/arm-none-eabi/4.8.4/../../../../arm-none-eabi/lib/armv7-m\libc.a(lib_a-memcpy.o)
                              ..\obj\stm32f1xx_hal_uart.o (memcpy)
c:/program files (x86)/gnu tools arm embedded/4.8 2014q3/bin/../lib/gcc/arm-none-eabi/4.8.4/../../../../arm-none-eabi/lib/armv7-m\libc.a(lib_a-memset.o)
                              c:/program files (x86)/gnu tools arm embedded/4.8 2014q3/bin/../lib/gcc/arm-none-eabi/4.8.4/../../../../arm-none-eabi/lib/armv7-m/crt0.o (memset)
c:/program files (x86)/gnu tools arm embedded/4.8 2014q3/bin/../lib/gcc/arm-none-eabi/4.8.4/../../../../arm-none-eabi/lib/armv7-m\libc.a(lib_a-snprintf.o)
                              ..\obj\protocol.o (snprintf)
c:/program files (x86)/gnu tools arm embedded/4.8 2014q3/bin/../lib/gcc/arm-none-eabi/4.8.4/../../../../arm-none-eabi/lib/armv7-m\libc.a(lib_a-strlen.o)
                              ..\obj\stm32_uart.o (strlen)
c:/program files (x86)/gnu tools arm embedded/4.8 2014q3/bin/../lib/gcc/arm-none-eabi/4.8.4/../../../../arm-none-eabi/lib/armv7-m\libc.a(lib_a-strncmp.o)
                              ..\obj\main.o (strncmp)
c:/program files (x86)/gnu tools arm embedded/4.8 2014q3/bin/../lib/gcc/arm-none-eabi/4.8.4/../../../../arm-none-eabi/lib/armv7-m\libc.a(lib_a-strtod.o)
                              ..\obj\protocol.o (strtod)
c:/program files (x86)/gnu tools arm embedded/4.8 2014q3/bin/../lib/gcc/arm-none-eabi/4.8.4/../../../../arm-none-eabi/lib/armv7-m\libc.a(lib_a-strtol.o)
                              c:/program files (x86)/gnu tools arm embedded/4.8 2014q3/bin/../lib/gcc/arm-none-eabi/4.8.4/../../../../arm-none-eabi/lib/armv7-m\libc.a(lib_a-atoi.o) (_strtol_r)
c:/program files (x86)/gnu tools arm embedded/4.8 2014q3/bin/../lib/gcc/arm-none-eabi/4.8.4/../../../../arm-none-eabi/lib/armv7-m\libc.a(lib_a-svfprintf.o)
[...]
Memory Configuration

Name             Origin             Length             Attributes
rom              0x08000000         0x00020000         xr
ram              0x20000000         0x00005000         xrw
*default*        0x00000000         0xffffffff

Linker script and memory map

LOAD c:/program files (x86)/gnu tools arm embedded/4.8 2014q3/bin/../lib/gcc/arm-none-eabi/4.8.4/armv7-m/crti.o
LOAD c:/program files (x86)/gnu tools arm embedded/4.8 2014q3/bin/../lib/gcc/arm-none-eabi/4.8.4/armv7-m/crtbegin.o
LOAD c:/program files (x86)/gnu tools arm embedded/4.8 2014q3/bin/../lib/gcc/arm-none-eabi/4.8.4/../../../../arm-none-eabi/lib/armv7-m/crt0.o
                0x20005000                _eram = 0x20005000

.text           0x08000000    0x116fc
 *(.isr_vector)
 .isr_vector    0x08000000      0x10c ..\obj\startup_stm32f103xb.o
                0x08000000                g_pfnVectors
 *(.text*)
 .text          0x0800010c       0x54 c:/program files (x86)/gnu tools arm embedded/4.8 2014q3/bin/../lib/gcc/arm-none-eabi/4.8.4/armv7-m/crtbegin.o
 .text.HAL_RCC_ClockConfig
                0x08000160      0x3d4 ..\obj\stm32f1xx_hal_rcc_ex.o
                0x08000160                HAL_RCC_ClockConfig
 .text.HAL_RCCEx_PeriphCLKConfig
                0x08000534      0x140 ..\obj\stm32f1xx_hal_rcc_ex.o
                0x08000534                HAL_RCCEx_PeriphCLKConfig
 .text.PWM_SetPWM
                0x08000674       0x3c ..\obj\stm32_servo_output.o
                0x08000674                PWM_SetPWM
 .text.P_PWM_InitIO
                0x080006b0       0x54 ..\obj\stm32_servo_output.o
                0x080006b0                P_PWM_InitIO
 .text.P_PWM_InitTIM
                0x08000704      0x118 ..\obj\stm32_servo_output.o
                0x08000704                P_PWM_InitTIM
 .text.PWM_Init
                0x0800081c        0xc ..\obj\stm32_servo_output.o
                0x0800081c                PWM_Init
 .text.HAL_InitTick
                0x08000828       0x28 ..\obj\stm32f1xx_hal.o
                0x08000828                HAL_InitTick
 .text.HAL_Init
                0x08000850       0x24 ..\obj\stm32f1xx_hal.o
                0x08000850                HAL_Init
 .text.HAL_IncTick
                0x08000874       0x10 ..\obj\stm32f1xx_hal.o
                0x08000874                HAL_IncTick
 .text.HAL_GetTick
                0x08000884        0xc ..\obj\stm32f1xx_hal.o
                0x08000884                HAL_GetTick
 .text.HAL_Delay
                0x08000890       0x1c ..\obj\stm32f1xx_hal.o
                0x08000890                HAL_Delay
 .text.initProtocol
                0x080008ac        0x4 ..\obj\protocol.o
                0x080008ac                initProtocol
 .text.writeProtocolError
                0x080008b0       0x24 ..\obj\protocol.o
                0x080008b0                writeProtocolError
 .text.writeProtocolOK
                0x080008d4       0x3c ..\obj\protocol.o
                0x080008d4                writeProtocolOK
 .text.writeProtocolHead
                0x08000910       0x2c ..\obj\protocol.o
                0x08000910                writeProtocolHead
 .text.writeProtocolText
                0x0800093c       0x3c ..\obj\protocol.o
                0x0800093c                writeProtocolText
 .text.writeProtocolDouble
                0x08000978       0x58 ..\obj\protocol.o
                0x08000978                writeProtocolDouble
 .text.writeProtocolInt
                0x080009d0       0x58 ..\obj\protocol.o
                0x080009d0                writeProtocolInt
 .text.stringToDouble
                0x08000a28       0x38 ..\obj\protocol.o
                0x08000a28                stringToDouble
 .text.printHelp
                0x08000a60      0x184 ..\obj\protocol.o
                0x08000a60                printHelp
 *fill*         0x08000be4        0x4 
 .text.printActiveSettings
                0x08000be8      0x450 ..\obj\protocol.o
                0x08000be8                printActiveSettings
 .text.wait_for_bt_module_response
                0x08001038       0x4c ..\obj\protocol.o
                0x08001038                wait_for_bt_module_response
 .text.is_ok    0x08001084       0x20 ..\obj\protocol.o
                0x08001084                is_ok
 .text.configure_bt_module
                0x080010a4      0x1a8 ..\obj\protocol.o
                0x080010a4                configure_bt_module
 .text.evaluateCommand
                0x0800124c      0xa74 ..\obj\protocol.o
                0x0800124c                evaluateCommand
 .text.serialCom
                0x08001cc0      0x2f0 ..\obj\protocol.o
                0x08001cc0                serialCom
 .text.NMI_Handler
                0x08001fb0        0x4 ..\obj\stm32f1xx_it.o
                0x08001fb0                NMI_Handler
 .text.HardFault_Handler
                0x08001fb4        0x8 ..\obj\stm32f1xx_it.o
                0x08001fb4                HardFault_Handler
 .text.MemManage_Handler
                0x08001fbc        0x8 ..\obj\stm32f1xx_it.o
                0x08001fbc                MemManage_Handler
 .text.BusFault_Handler
                0x08001fc4        0x8 ..\obj\stm32f1xx_it.o
                0x08001fc4                BusFault_Handler
 .text.UsageFault_Handler
                0x08001fcc        0x8 ..\obj\stm32f1xx_it.o
                0x08001fcc                UsageFault_Handler
 .text.SVC_Handler
                0x08001fd4        0x4 ..\obj\stm32f1xx_it.o
                0x08001fd4                SVC_Handler
 .text.DebugMon_Handler
                0x08001fd8        0x4 ..\obj\stm32f1xx_it.o
                0x08001fd8                DebugMon_Handler
 .text.PendSV_Handler
                0x08001fdc        0x4 ..\obj\stm32f1xx_it.o
                0x08001fdc                PendSV_Handler
 .text.SysTick_Handler
                0x08001fe0       0x80 ..\obj\stm32f1xx_it.o
                0x08001fe0                SysTick_Handler
 .text.USART3_IRQHandler
                0x08002060       0x10 ..\obj\stm32f1xx_it.o
                0x08002060                USART3_IRQHandler
 .text.USART1_IRQHandler
                0x08002070       0x10 ..\obj\stm32f1xx_it.o
                0x08002070                USART1_IRQHandler
 .text.USB_LP_CAN1_RX0_IRQHandler
                0x08002080       0x10 ..\obj\stm32f1xx_it.o
                0x08002080                USB_LP_CAN1_RX0_IRQHandler
 .text.TIM1_CC_IRQHandler
                0x08002090       0x10 ..\obj\stm32f1xx_it.o
                0x08002090                TIM1_CC_IRQHandler
 .text.ENCODER_ReadPos
                0x080020a0       0x18 ..\obj\stm32_encoder.o
                0x080020a0                ENCODER_ReadPos
 .text.P_ENCODER_InitIO
                0x080020b8       0x50 ..\obj\stm32_encoder.o
                0x080020b8                P_ENCODER_InitIO
 .text.P_ENCODER_InitTIM
                0x08002108       0x7c ..\obj\stm32_encoder.o
                0x08002108                P_ENCODER_InitTIM
 .text.ENCODER_Init
                0x08002184        0xc ..\obj\stm32_encoder.o
                0x08002184                ENCODER_Init
 .text.HAL_NVIC_SetPriorityGrouping
                0x08002190       0x24 ..\obj\stm32f1xx_hal_cortex.o
                0x08002190                HAL_NVIC_SetPriorityGrouping
 .text.HAL_NVIC_SetPriority
                0x080021b4       0x64 ..\obj\stm32f1xx_hal_cortex.o
                0x080021b4                HAL_NVIC_SetPriority
 .text.HAL_NVIC_EnableIRQ
                0x08002218       0x18 ..\obj\stm32f1xx_hal_cortex.o
                0x08002218                HAL_NVIC_EnableIRQ
 .text.HAL_SYSTICK_Config
                0x08002230       0x2c ..\obj\stm32f1xx_hal_cortex.o
                0x08002230                HAL_SYSTICK_Config
 .text.SystemInit
                0x0800225c       0x4c ..\obj\system_stm32f1xx.o
                0x0800225c                SystemInit
 .text.HAL_RCC_OscConfig
                0x080022a8      0x810 ..\obj\stm32f1xx_hal_rcc.o
                0x080022a8                HAL_RCC_OscConfig
 .text.HAL_RCC_GetSysClockFreq
                0x08002ab8       0x98 ..\obj\stm32f1xx_hal_rcc.o
                0x08002ab8                HAL_RCC_GetSysClockFreq
 .text.HAL_RCC_GetHCLKFreq
                0x08002b50       0x38 ..\obj\stm32f1xx_hal_rcc.o
                0x08002b50                HAL_RCC_GetHCLKFreq
 .text.HAL_RCC_GetPCLK1Freq
                0x08002b88       0x34 ..\obj\stm32f1xx_hal_rcc.o
                0x08002b88                HAL_RCC_GetPCLK1Freq
 .text.HAL_RCC_GetPCLK2Freq
                0x08002bbc       0x34 ..\obj\stm32f1xx_hal_rcc.o
                0x08002bbc                HAL_RCC_GetPCLK2Freq
 .text.HAL_PCD_Init
                0x08002bf0       0xd0 ..\obj\stm32f1xx_hal_pcd.o
                0x08002bf0                HAL_PCD_Init
 .text.HAL_PCD_Start
                0x08002cc0       0x30 ..\obj\stm32f1xx_hal_pcd.o
                0x08002cc0                HAL_PCD_Start
 .text.HAL_PCD_SetAddress
                0x08002cf0       0x28 ..\obj\stm32f1xx_hal_pcd.o
                0x08002cf0                HAL_PCD_SetAddress
 .text.HAL_PCD_EP_Open
                0x08002d18       0x4c ..\obj\stm32f1xx_hal_pcd.o
                0x08002d18                HAL_PCD_EP_Open
 .text.HAL_PCD_EP_Close
                0x08002d64       0x48 ..\obj\stm32f1xx_hal_pcd.o
                0x08002d64                HAL_PCD_EP_Close
 .text.HAL_PCD_EP_Receive
                0x08002dac       0x3c ..\obj\stm32f1xx_hal_pcd.o
                0x08002dac                HAL_PCD_EP_Receive
 .text.HAL_PCD_EP_GetRxCount
                0x08002de8       0x10 ..\obj\stm32f1xx_hal_pcd.o
                0x08002de8                HAL_PCD_EP_GetRxCount
 .text.HAL_PCD_EP_Transmit
                0x08002df8       0x3c ..\obj\stm32f1xx_hal_pcd.o
                0x08002df8                HAL_PCD_EP_Transmit
 .text.HAL_PCD_IRQHandler
                0x08002e34      0x554 ..\obj\stm32f1xx_hal_pcd.o
                0x08002e34                HAL_PCD_IRQHandler
 .text.HAL_PCD_EP_SetStall
                0x08003388       0x5c ..\obj\stm32f1xx_hal_pcd.o
                0x08003388                HAL_PCD_EP_SetStall
 .text.HAL_PCD_EP_ClrStall
                0x080033e4       0x50 ..\obj\stm32f1xx_hal_pcd.o
                0x080033e4                HAL_PCD_EP_ClrStall
 .text.UART_SetConfig
                0x08003434      0x120 ..\obj\stm32f1xx_hal_uart.o
 .text.UART_WaitOnFlagUntilTimeout
                0x08003554       0xd4 ..\obj\stm32f1xx_hal_uart.o
 .text.HAL_UART_MspInit
                0x08003628        0x4 ..\obj\stm32f1xx_hal_uart.o
                0x08003628                HAL_UART_MspInit
 .text.HAL_UART_Init
                0x0800362c       0x60 ..\obj\stm32f1xx_hal_uart.o
                0x0800362c                HAL_UART_Init
 .text.HAL_UART_MspDeInit
                0x0800368c        0x4 ..\obj\stm32f1xx_hal_uart.o
                0x0800368c                HAL_UART_MspDeInit
 .text.HAL_UART_DeInit
                0x08003690       0x3c ..\obj\stm32f1xx_hal_uart.o
                0x08003690                HAL_UART_DeInit
 .text.HAL_UART_Transmit
                0x080036cc      0x110 ..\obj\stm32f1xx_hal_uart.o
                0x080036cc                HAL_UART_Transmit
 .text.HAL_UART_Receive_IT
                0x080037dc       0x80 ..\obj\stm32f1xx_hal_uart.o
                0x080037dc                HAL_UART_Receive_IT
 .text.HAL_UART_String_Listener
                0x0800385c       0x18 ..\obj\stm32f1xx_hal_uart.o
                0x0800385c                HAL_UART_String_Listener
 .text.HAL_UART_Char_Listener
                0x08003874       0x14 ..\obj\stm32f1xx_hal_uart.o
                0x08003874                HAL_UART_Char_Listener
 .text.HAL_UART_Char_Getter
                0x08003888       0x20 ..\obj\stm32f1xx_hal_uart.o
                0x08003888                HAL_UART_Char_Getter
 .text.HAL_UART_String_Getter
                0x080038a8      0x100 ..\obj\stm32f1xx_hal_uart.o
                0x080038a8                HAL_UART_String_Getter
 .text.HAL_UART_IRQHandler
                0x080039a8      0x28c ..\obj\stm32f1xx_hal_uart.o
                0x080039a8                HAL_UART_IRQHandler
 .text.USBD_Init
                0x08003c34       0x30 ..\obj\usbd_core.o
                0x08003c34                USBD_Init
 .text.USBD_RegisterClass
                0x08003c64       0x10 ..\obj\usbd_core.o
                0x08003c64                USBD_RegisterClass
 .text.USBD_Start
                0x08003c74        0xc ..\obj\usbd_core.o
                0x08003c74                USBD_Start
 .text.USBD_SetClassConfig
                0x08003c80       0x1c ..\obj\usbd_core.o
                0x08003c80                USBD_SetClassConfig
 .text.USBD_ClrClassConfig
                0x08003c9c       0x10 ..\obj\usbd_core.o
                0x08003c9c                USBD_ClrClassConfig
 .text.USBD_LL_SetupStage
                0x08003cac       0x5c ..\obj\usbd_core.o
                0x08003cac                USBD_LL_SetupStage
 .text.USBD_LL_DataOutStage
                0x08003d08       0x60 ..\obj\usbd_core.o
                0x08003d08                USBD_LL_DataOutStage
 .text.USBD_LL_DataInStage
                0x08003d68       0x8c ..\obj\usbd_core.o
                0x08003d68                USBD_LL_DataInStage
 .text.USBD_LL_Reset
                0x08003df4       0x40 ..\obj\usbd_core.o
                0x08003df4                USBD_LL_Reset
 .text.USBD_LL_SetSpeed
                0x08003e34        0x8 ..\obj\usbd_core.o
                0x08003e34                USBD_LL_SetSpeed
 .text.USBD_LL_Suspend
                0x08003e3c       0x14 ..\obj\usbd_core.o
                0x08003e3c                USBD_LL_Suspend
 .text.USBD_LL_Resume
                0x08003e50        0xc ..\obj\usbd_core.o
                0x08003e50                USBD_LL_Resume
 .text.USBD_LL_SOF
                0x08003e5c       0x18 ..\obj\usbd_core.o
                0x08003e5c                USBD_LL_SOF
 .text.hardstop
                0x08003e74       0x24 ..\obj\main.o
                0x08003e74                hardstop
 .text.Error_Handler
                0x08003e98        0x8 ..\obj\main.o
                0x08003e98                Error_Handler
 .text.SystemClock_Config
                0x08003ea0       0x78 ..\obj\main.o
                0x08003ea0                SystemClock_Config
 .text.main     0x08003f18      0x390 ..\obj\main.o
                0x08003f18                main
 .text.Reset_Handler
                0x080042a8       0x50 ..\obj\startup_stm32f103xb.o
                0x080042a8                Reset_Handler
 .text.Default_Handler
                0x080042f8        0x4 ..\obj\startup_stm32f103xb.o
                0x080042f8                RTC_Alarm_IRQHandler
                0x080042f8                EXTI2_IRQHandler
                0x080042f8                PVD_IRQHandler
                0x080042f8                EXTI3_IRQHandler
                0x080042f8                EXTI0_IRQHandler
                0x080042f8                I2C2_EV_IRQHandler
                0x080042f8                ADC1_2_IRQHandler
                0x080042f8                SPI1_IRQHandler
                0x080042f8                TAMPER_IRQHandler
                0x080042f8                DMA1_Channel4_IRQHandler
                0x080042f8                RTC_IRQHandler
                0x080042f8                DMA1_Channel7_IRQHandler
                0x080042f8                CAN1_RX1_IRQHandler
                0x080042f8                TIM4_IRQHandler
                0x080042f8                I2C1_EV_IRQHandler
                0x080042f8                DMA1_Channel6_IRQHandler
                0x080042f8                TIM3_IRQHandler
                0x080042f8                RCC_IRQHandler
                0x080042f8                TIM1_TRG_COM_IRQHandler
                0x080042f8                DMA1_Channel1_IRQHandler
                0x080042f8                Default_Handler
                0x080042f8                EXTI15_10_IRQHandler
                0x080042f8                EXTI9_5_IRQHandler
                0x080042f8                SPI2_IRQHandler
                0x080042f8                DMA1_Channel5_IRQHandler
                0x080042f8                EXTI4_IRQHandler
                0x080042f8                USB_HP_CAN1_TX_IRQHandler
                0x080042f8                DMA1_Channel3_IRQHandler
                0x080042f8                TIM1_UP_IRQHandler
                0x080042f8                WWDG_IRQHandler
                0x080042f8                TIM2_IRQHandler
                0x080042f8                TIM1_BRK_IRQHandler
                0x080042f8                EXTI1_IRQHandler
                0x080042f8                USART2_IRQHandler
                0x080042f8                I2C2_ER_IRQHandler
                0x080042f8                DMA1_Channel2_IRQHandler
                0x080042f8                CAN1_SCE_IRQHandler
                0x080042f8                FLASH_IRQHandler
                0x080042f8                I2C1_ER_IRQHandler
                0x080042f8                USBWakeUp_IRQHandler
 .text.SendString
                0x080042fc       0x20 ..\obj\serial_print.o
                0x080042fc                SendString
 .text.PrintSerial_int
                0x0800431c       0x24 ..\obj\serial_print.o
                0x0800431c                PrintSerial_int
 .text.PrintSerial_char
                0x08004340       0x24 ..\obj\serial_print.o
                0x08004340                PrintSerial_char
 .text.PrintSerial_string
                0x08004364        0x8 ..\obj\serial_print.o
                0x08004364                PrintSerial_string
 *fill*         0x0800436c        0x4 
 .text.PrintSerial_double
                0x08004370       0x70 ..\obj\serial_print.o
                0x08004370                PrintSerial_double
 .text.PrintlnSerial_int
                0x080043e0       0x24 ..\obj\serial_print.o
                0x080043e0                PrintlnSerial_int
 *fill*         0x08004404        0x4 
 .text.PrintlnSerial_double
                0x08004408       0x70 ..\obj\serial_print.o
                0x08004408                PrintlnSerial_double
 .text.PrintlnSerial
                0x08004478       0x10 ..\obj\serial_print.o
                0x08004478                PrintlnSerial
 .text.PrintlnSerial_string
                0x08004488       0x10 ..\obj\serial_print.o
                0x08004488                PrintlnSerial_string
 .text.USB_CoreInit
                0x08004498       0x10 ..\obj\stm32f1xx_ll_usb.o
                0x08004498                USB_CoreInit
 .text.USB_EnableGlobalInt
                0x080044a8       0x14 ..\obj\stm32f1xx_ll_usb.o
                0x080044a8                USB_EnableGlobalInt
 .text.USB_DisableGlobalInt
                0x080044bc       0x14 ..\obj\stm32f1xx_ll_usb.o
                0x080044bc                USB_DisableGlobalInt
 .text.USB_SetCurrentMode
                0x080044d0        0x4 ..\obj\stm32f1xx_ll_usb.o
                0x080044d0                USB_SetCurrentMode
 .text.USB_DevInit
                0x080044d4       0x28 ..\obj\stm32f1xx_ll_usb.o
                0x080044d4                USB_DevInit
 .text.USB_ActivateEndpoint
                0x080044fc      0x338 ..\obj\stm32f1xx_ll_usb.o
                0x080044fc                USB_ActivateEndpoint
 .text.USB_DeactivateEndpoint
                0x08004834      0x1d0 ..\obj\stm32f1xx_ll_usb.o
                0x08004834                USB_DeactivateEndpoint
 .text.USB_EPSetStall
                0x08004a04       0x6c ..\obj\stm32f1xx_ll_usb.o
                0x08004a04                USB_EPSetStall
 .text.USB_EPClearStall
                0x08004a70       0x98 ..\obj\stm32f1xx_ll_usb.o
                0x08004a70                USB_EPClearStall
 .text.USB_SetDevAddress
                0x08004b08        0xc ..\obj\stm32f1xx_ll_usb.o
                0x08004b08                USB_SetDevAddress
 .text.USB_DevConnect
                0x08004b14        0x4 ..\obj\stm32f1xx_ll_usb.o
                0x08004b14                USB_DevConnect
 .text.USB_DevDisconnect
                0x08004b18        0x4 ..\obj\stm32f1xx_ll_usb.o
                0x08004b18                USB_DevDisconnect
 .text.USB_ReadInterrupts
                0x08004b1c        0x8 ..\obj\stm32f1xx_ll_usb.o
                0x08004b1c                USB_ReadInterrupts
 .text.USB_EP0_OutStart
                0x08004b24        0x4 ..\obj\stm32f1xx_ll_usb.o
                0x08004b24                USB_EP0_OutStart
 .text.USB_WritePMA
                0x08004b28       0x34 ..\obj\stm32f1xx_ll_usb.o
                0x08004b28                USB_WritePMA
 .text.USB_EPStartXfer
                0x08004b5c      0x1bc ..\obj\stm32f1xx_ll_usb.o
                0x08004b5c                USB_EPStartXfer
 .text.USB_ReadPMA
                0x08004d18       0x1c ..\obj\stm32f1xx_ll_usb.o
                0x08004d18                USB_ReadPMA
 .text.HAL_SPI_Init
                0x08004d34       0x8c ..\obj\stm32f1xx_hal_spi_ex.o
                0x08004d34                HAL_SPI_Init
 .text.getCounter
                0x08004dc0        0xc ..\obj\clock_50Hz.o
                0x08004dc0                getCounter
 .text.tickCounter
                0x08004dcc       0x10 ..\obj\clock_50Hz.o
                0x08004dcc                tickCounter
 .text.is1Hz    0x08004ddc       0x24 ..\obj\clock_50Hz.o
                0x08004ddc                is1Hz
 .text.is5Hz    0x08004e00       0x24 ..\obj\clock_50Hz.o
                0x08004e00                is5Hz
 .text.is5s     0x08004e24       0x28 ..\obj\clock_50Hz.o
                0x08004e24                is5s
 .text.HAL_GPIO_Init
                0x08004e4c      0x1cc ..\obj\stm32f1xx_hal_gpio.o
                0x08004e4c                HAL_GPIO_Init
 .text.HAL_GPIO_WritePin
                0x08005018        0xc ..\obj\stm32f1xx_hal_gpio.o
                0x08005018                HAL_GPIO_WritePin
 .text.HAL_GPIO_TogglePin
                0x08005024        0x8 ..\obj\stm32f1xx_hal_gpio.o
                0x08005024                HAL_GPIO_TogglePin
 .text.USBD_VCP_DeviceDescriptor
                0x0800502c        0xc ..\obj\usbd_desc.o
                0x0800502c                USBD_VCP_DeviceDescriptor
 .text.USBD_VCP_LangIDStrDescriptor
                0x08005038        0xc ..\obj\usbd_desc.o
                0x08005038                USBD_VCP_LangIDStrDescriptor
 .text.IntToUnicode
                0x08005044       0x30 ..\obj\usbd_desc.o
 .text.USBD_VCP_SerialStrDescriptor
                0x08005074       0x38 ..\obj\usbd_desc.o
                0x08005074                USBD_VCP_SerialStrDescriptor
 .text.USBD_VCP_ProductStrDescriptor
                0x080050ac       0x1c ..\obj\usbd_desc.o
                0x080050ac                USBD_VCP_ProductStrDescriptor
 .text.USBD_VCP_ManufacturerStrDescriptor
                0x080050c8       0x1c ..\obj\usbd_desc.o
                0x080050c8                USBD_VCP_ManufacturerStrDescriptor
 .text.USBD_VCP_ConfigStrDescriptor
                0x080050e4       0x1c ..\obj\usbd_desc.o
                0x080050e4                USBD_VCP_ConfigStrDescriptor
 .text.USBD_VCP_InterfaceStrDescriptor
                0x08005100       0x1c ..\obj\usbd_desc.o
                0x08005100                USBD_VCP_InterfaceStrDescriptor
 .text.HAL_PCD_MspInit
                0x0800511c       0x60 ..\obj\usbd_conf.o
                0x0800511c                HAL_PCD_MspInit
 .text.HAL_PCD_SetupStageCallback
                0x0800517c       0x14 ..\obj\usbd_conf.o
                0x0800517c                HAL_PCD_SetupStageCallback
 .text.HAL_PCD_DataOutStageCallback
                0x08005190       0x14 ..\obj\usbd_conf.o
                0x08005190                HAL_PCD_DataOutStageCallback
 .text.HAL_PCD_DataInStageCallback
                0x080051a4       0x14 ..\obj\usbd_conf.o
                0x080051a4                HAL_PCD_DataInStageCallback
 .text.HAL_PCD_SOFCallback
                0x080051b8        0xc ..\obj\usbd_conf.o
                0x080051b8                HAL_PCD_SOFCallback
 .text.HAL_PCD_ResetCallback
                0x080051c4       0x18 ..\obj\usbd_conf.o
                0x080051c4                HAL_PCD_ResetCallback
 .text.HAL_PCD_SuspendCallback
                0x080051dc        0xc ..\obj\usbd_conf.o
                0x080051dc                HAL_PCD_SuspendCallback
 .text.HAL_PCD_ResumeCallback
                0x080051e8        0xc ..\obj\usbd_conf.o
                0x080051e8                HAL_PCD_ResumeCallback
 .text.USBD_LL_Init
                0x080051f4       0x7c ..\obj\usbd_conf.o
                0x080051f4                USBD_LL_Init
 .text.USBD_LL_Start
                0x08005270       0x10 ..\obj\usbd_conf.o
                0x08005270                USBD_LL_Start
 .text.USBD_LL_OpenEP
                0x08005280       0x14 ..\obj\usbd_conf.o
                0x08005280                USBD_LL_OpenEP
 .text.USBD_LL_CloseEP
                0x08005294       0x10 ..\obj\usbd_conf.o
                0x08005294                USBD_LL_CloseEP
 .text.USBD_LL_StallEP
                0x080052a4       0x10 ..\obj\usbd_conf.o
                0x080052a4                USBD_LL_StallEP
 .text.USBD_LL_ClearStallEP
                0x080052b4       0x10 ..\obj\usbd_conf.o
                0x080052b4                USBD_LL_ClearStallEP
 .text.USBD_LL_IsStallEP
                0x080052c4       0x1c ..\obj\usbd_conf.o
                0x080052c4                USBD_LL_IsStallEP
 .text.USBD_LL_SetUSBAddress
                0x080052e0       0x10 ..\obj\usbd_conf.o
                0x080052e0                USBD_LL_SetUSBAddress
 .text.USBD_LL_Transmit
                0x080052f0       0x10 ..\obj\usbd_conf.o
                0x080052f0                USBD_LL_Transmit
 .text.USBD_LL_PrepareReceive
                0x08005300       0x10 ..\obj\usbd_conf.o
                0x08005300                USBD_LL_PrepareReceive
 .text.USBD_LL_GetRxDataSize
                0x08005310        0xc ..\obj\usbd_conf.o
                0x08005310                USBD_LL_GetRxDataSize
 .text.USBD_static_malloc
                0x0800531c        0x8 ..\obj\usbd_conf.o
                0x0800531c                USBD_static_malloc
 .text.USBD_static_free
                0x08005324        0x4 ..\obj\usbd_conf.o
                0x08005324                USBD_static_free
 .text.HAL_PCDEx_SetConnectionState
                0x08005328       0x24 ..\obj\usbd_conf.o
                0x08005328                HAL_PCDEx_SetConnectionState
 .text.Systick_Init
                0x0800534c       0x68 ..\obj\stm32_systick.o
                0x0800534c                Systick_Init
 .text.Systick_Timer1
                0x080053b4       0x3c ..\obj\stm32_systick.o
                0x080053b4                Systick_Timer1
 .text.Uart_Init
                0x080053f0       0xd0 ..\obj\stm32_uart.o
                0x080053f0                Uart_Init
 .text.Uart_SendString
                0x080054c0       0x1c ..\obj\stm32_uart.o
                0x080054c0                Uart_SendString
 .text.Uart_ReceiveString
                0x080054dc       0x14 ..\obj\stm32_uart.o
                0x080054dc                Uart_ReceiveString
 .text.HAL_UART_TxCpltCallback
                0x080054f0        0x4 ..\obj\stm32_uart.o
                0x080054f0                HAL_UART_TxCpltCallback
 .text.HAL_UART_RxCpltCallback
                0x080054f4        0x4 ..\obj\stm32_uart.o
                0x080054f4                HAL_UART_RxCpltCallback
 .text.HAL_UART_ErrorCallback
                0x080054f8        0x4 ..\obj\stm32_uart.o
                0x080054f8                HAL_UART_ErrorCallback
 .text.sbusInit
                0x080054fc       0xfc ..\obj\sbus.o
                0x080054fc                sbusInit
 .text.calculate_duty
                0x080055f8       0x24 ..\obj\sbus.o
                0x080055f8                calculate_duty
 .text.sbusReceive
                0x0800561c      0x3ac ..\obj\sbus.o
 .text.SPI_WaitOnFlagUntilTimeout
                0x080059c8       0xe4 ..\obj\stm32f1xx_hal_spi.o
 .text.HAL_SPI_MspInit
                0x08005aac        0x4 ..\obj\stm32f1xx_hal_spi.o
                0x08005aac                HAL_SPI_MspInit
 .text.HAL_SPI_Transmit
                0x08005ab0      0x1c4 ..\obj\stm32f1xx_hal_spi.o
                0x08005ab0                HAL_SPI_Transmit
 .text.HAL_SPI_TransmitReceive
                0x08005c74      0x360 ..\obj\stm32f1xx_hal_spi.o
                0x08005c74                HAL_SPI_TransmitReceive
 .text._sbrk    0x08005fd4       0x2c ..\obj\printf2.o
                0x08005fd4                _sbrk
 .text.setDebugLevel
                0x08006000       0x14 ..\obj\debug.o
                0x08006000                setDebugLevel
 .text.getDebugLevel
                0x08006014        0xc ..\obj\debug.o
                0x08006014                getDebugLevel
 .text.printDebug_int
                0x08006020       0x20 ..\obj\debug.o
                0x08006020                printDebug_int
 .text.printDebug_string
                0x08006040       0x20 ..\obj\debug.o
                0x08006040                printDebug_string
 .text.printDebug_double
                0x08006060       0x20 ..\obj\debug.o
                0x08006060                printDebug_double
 .text.printlnDebug_int
                0x08006080       0x20 ..\obj\debug.o
                0x08006080                printlnDebug_int
 .text.printlnDebug_string
                0x080060a0       0x20 ..\obj\debug.o
                0x080060a0                printlnDebug_string
 .text.printlnDebug_double
                0x080060c0       0x20 ..\obj\debug.o
                0x080060c0                printlnDebug_double
 .text.USBD_CDC_DataIn
                0x080060e0       0x14 ..\obj\usbd_cdc.o
 .text.USBD_CDC_EP0_RxReady
                0x080060f4       0x28 ..\obj\usbd_cdc.o
 .text.USBD_CDC_GetFSCfgDesc
                0x0800611c        0xc ..\obj\usbd_cdc.o
 .text.USBD_CDC_GetHSCfgDesc
                0x08006128        0xc ..\obj\usbd_cdc.o
 .text.USBD_CDC_GetOtherSpeedCfgDesc
                0x08006134        0xc ..\obj\usbd_cdc.o
 .text.USBD_CDC_GetDeviceQualifierDescriptor
                0x08006140        0xc ..\obj\usbd_cdc.o
                0x08006140                USBD_CDC_GetDeviceQualifierDescriptor
 .text.USBD_CDC_DataOut
                0x0800614c       0x30 ..\obj\usbd_cdc.o
 .text.USBD_CDC_Setup
                0x0800617c       0x60 ..\obj\usbd_cdc.o
 .text.USBD_CDC_DeInit
                0x080061dc       0x3c ..\obj\usbd_cdc.o
 .text.USBD_CDC_Init
                0x08006218       0x98 ..\obj\usbd_cdc.o
 .text.USBD_CDC_RegisterInterface
                0x080062b0       0x10 ..\obj\usbd_cdc.o
                0x080062b0                USBD_CDC_RegisterInterface
 .text.USBD_CDC_SetTxBuffer
                0x080062c0       0x10 ..\obj\usbd_cdc.o
                0x080062c0                USBD_CDC_SetTxBuffer
 .text.USBD_CDC_SetRxBuffer
                0x080062d0        0xc ..\obj\usbd_cdc.o
                0x080062d0                USBD_CDC_SetRxBuffer
 .text.USBD_CDC_TransmitPacket
                0x080062dc       0x30 ..\obj\usbd_cdc.o
                0x080062dc                USBD_CDC_TransmitPacket
 .text.USBD_CDC_ReceivePacket
                0x0800630c       0x34 ..\obj\usbd_cdc.o
                0x0800630c                USBD_CDC_ReceivePacket
 .text.TIM_OC1_SetConfig
                0x08006340       0x50 ..\obj\stm32f1xx_hal_tim.o
 .text.TIM_OC3_SetConfig
                0x08006390       0x58 ..\obj\stm32f1xx_hal_tim.o
 .text.TIM_OC4_SetConfig
                0x080063e8       0x48 ..\obj\stm32f1xx_hal_tim.o
 .text.HAL_TIM_PWM_MspInit
                0x08006430        0x4 ..\obj\stm32f1xx_hal_tim.o
                0x08006430                HAL_TIM_PWM_MspInit
 .text.HAL_TIM_IC_MspInit
                0x08006434        0x4 ..\obj\stm32f1xx_hal_tim.o
                0x08006434                HAL_TIM_IC_MspInit
 .text.HAL_TIM_Encoder_MspInit
                0x08006438        0x4 ..\obj\stm32f1xx_hal_tim.o
                0x08006438                HAL_TIM_Encoder_MspInit
 .text.HAL_TIM_Encoder_MspDeInit
                0x0800643c        0x4 ..\obj\stm32f1xx_hal_tim.o
                0x0800643c                HAL_TIM_Encoder_MspDeInit
 .text.HAL_TIM_Encoder_DeInit
                0x08006440       0x3c ..\obj\stm32f1xx_hal_tim.o
                0x08006440                HAL_TIM_Encoder_DeInit
 .text.HAL_TIM_ReadCapturedValue
                0x0800647c       0x4c ..\obj\stm32f1xx_hal_tim.o
                0x0800647c                HAL_TIM_ReadCapturedValue
 .text.HAL_TIM_PeriodElapsedCallback
                0x080064c8        0x4 ..\obj\stm32f1xx_hal_tim.o
                0x080064c8                HAL_TIM_PeriodElapsedCallback
 .text.HAL_TIM_OC_DelayElapsedCallback
                0x080064cc        0x4 ..\obj\stm32f1xx_hal_tim.o
                0x080064cc                HAL_TIM_OC_DelayElapsedCallback
 .text.HAL_TIM_PWM_PulseFinishedCallback
                0x080064d0        0x4 ..\obj\stm32f1xx_hal_tim.o
                0x080064d0                HAL_TIM_PWM_PulseFinishedCallback
 .text.HAL_TIM_TriggerCallback
                0x080064d4        0x4 ..\obj\stm32f1xx_hal_tim.o
                0x080064d4                HAL_TIM_TriggerCallback
 .text.HAL_TIM_IRQHandler
                0x080064d8      0x174 ..\obj\stm32f1xx_hal_tim.o
                0x080064d8                HAL_TIM_IRQHandler
 .text.TIM_Base_SetConfig
                0x0800664c       0x88 ..\obj\stm32f1xx_hal_tim.o
                0x0800664c                TIM_Base_SetConfig
 .text.HAL_TIM_PWM_Init
                0x080066d4       0x38 ..\obj\stm32f1xx_hal_tim.o
                0x080066d4                HAL_TIM_PWM_Init
 .text.HAL_TIM_IC_Init
                0x0800670c       0x38 ..\obj\stm32f1xx_hal_tim.o
                0x0800670c                HAL_TIM_IC_Init
 .text.HAL_TIM_Encoder_Init
                0x08006744       0x9c ..\obj\stm32f1xx_hal_tim.o
                0x08006744                HAL_TIM_Encoder_Init
 .text.TIM_OC2_SetConfig
                0x080067e0       0x5c ..\obj\stm32f1xx_hal_tim.o
                0x080067e0                TIM_OC2_SetConfig
 .text.HAL_TIM_PWM_ConfigChannel
                0x0800683c       0xdc ..\obj\stm32f1xx_hal_tim.o
                0x0800683c                HAL_TIM_PWM_ConfigChannel
 .text.TIM_TI1_SetConfig
                0x08006918       0x58 ..\obj\stm32f1xx_hal_tim.o
                0x08006918                TIM_TI1_SetConfig
 .text.HAL_TIM_IC_ConfigChannel
                0x08006970      0x140 ..\obj\stm32f1xx_hal_tim.o
                0x08006970                HAL_TIM_IC_ConfigChannel
 .text.TIM_CCxChannelCmd
                0x08006ab0       0x1c ..\obj\stm32f1xx_hal_tim.o
                0x08006ab0                TIM_CCxChannelCmd
 .text.HAL_TIM_PWM_Start
                0x08006acc       0x30 ..\obj\stm32f1xx_hal_tim.o
                0x08006acc                HAL_TIM_PWM_Start
 .text.HAL_TIM_IC_Start_IT
                0x08006afc       0x60 ..\obj\stm32f1xx_hal_tim.o
                0x08006afc                HAL_TIM_IC_Start_IT
 .text.HAL_TIM_Encoder_Start
                0x08006b5c       0x48 ..\obj\stm32f1xx_hal_tim.o
                0x08006b5c                HAL_TIM_Encoder_Start
 .text.CDC_Itf_DeInit
                0x08006ba4        0x4 ..\obj\usbd_cdc_interface.o
 .text.CDC_Itf_Control
                0x08006ba8       0x58 ..\obj\usbd_cdc_interface.o
 .text.CDC_Itf_Receive
                0x08006c00       0x90 ..\obj\usbd_cdc_interface.o
 .text.CDC_Itf_Init
                0x08006c90       0x28 ..\obj\usbd_cdc_interface.o
 .text.CDC_TransmitBuffer
                0x08006cb8       0xa8 ..\obj\usbd_cdc_interface.o
                0x08006cb8                CDC_TransmitBuffer
 .text.USB_ReceiveString
                0x08006d60       0xd4 ..\obj\usbd_cdc_interface.o
                0x08006d60                USB_ReceiveString
 .text.CDC_TransmitString
                0x08006e34       0x14 ..\obj\usbd_cdc_interface.o
                0x08006e34                CDC_TransmitString
 .text.USBPeriodElapsed
                0x08006e48       0x54 ..\obj\usbd_cdc_interface.o
                0x08006e48                USBPeriodElapsed
 .text.USBD_ParseSetupRequest
                0x08006e9c       0x28 ..\obj\usbd_ctlreq.o
                0x08006e9c                USBD_ParseSetupRequest
 .text.USBD_CtlError
                0x08006ec4       0x14 ..\obj\usbd_ctlreq.o
                0x08006ec4                USBD_CtlError
 .text.USBD_StdDevReq
                0x08006ed8      0x318 ..\obj\usbd_ctlreq.o
                0x08006ed8                USBD_StdDevReq
 .text.USBD_StdItfReq
                0x080071f0       0x38 ..\obj\usbd_ctlreq.o
                0x080071f0                USBD_StdItfReq
 .text.USBD_StdEPReq
                0x08007228       0xf8 ..\obj\usbd_ctlreq.o
                0x08007228                USBD_StdEPReq
 .text.USBD_GetString
                0x08007320       0x4c ..\obj\usbd_ctlreq.o
                0x08007320                USBD_GetString
 .text.getTimingTableValue
                0x0800736c       0x28 ..\obj\stm32_servo_input.o
                0x0800736c                getTimingTableValue
 .text.ICPWM_ReadDUTY
                0x08007394       0x34 ..\obj\stm32_servo_input.o
                0x08007394                ICPWM_ReadDUTY
 .text.ICPWM_ReadPause
                0x080073c8       0x1c ..\obj\stm32_servo_input.o
                0x080073c8                ICPWM_ReadPause
 .text.P_ICPWM_InitIO
                0x080073e4       0x88 ..\obj\stm32_servo_input.o
                0x080073e4                P_ICPWM_InitIO
 .text.P_ICPWM_InitTIM
                0x0800746c       0x60 ..\obj\stm32_servo_input.o
                0x0800746c                P_ICPWM_InitTIM
 .text.ICPWM_Init
                0x080074cc       0x24 ..\obj\stm32_servo_input.o
                0x080074cc                ICPWM_Init
 .text.HAL_TIM_IC_CaptureCallback
                0x080074f0      0x108 ..\obj\stm32_servo_input.o
                0x080074f0                HAL_TIM_IC_CaptureCallback
 .text.HAL_PCDEx_PMAConfig
                0x080075f8       0x38 ..\obj\stm32f1xx_hal_pcd_ex.o
                0x080075f8                HAL_PCDEx_PMAConfig
 .text.sFLASH_LowLevel_Init
                0x08007630       0xb4 ..\obj\stm32_eval_spi_flash.o
                0x08007630                sFLASH_LowLevel_Init
 .text.sFLASH_Init
                0x080076e4       0x64 ..\obj\stm32_eval_spi_flash.o
                0x080076e4                sFLASH_Init
 .text.sFLASH_VerifyWrite
                0x08007748       0xac ..\obj\stm32_eval_spi_flash.o
                0x08007748                sFLASH_VerifyWrite
 .text.sFLASH_ReadBuffer
                0x080077f4       0x8c ..\obj\stm32_eval_spi_flash.o
                0x080077f4                sFLASH_ReadBuffer
 .text.sFLASH_ReadID
                0x08007880       0x88 ..\obj\stm32_eval_spi_flash.o
                0x08007880                sFLASH_ReadID
 .text.sFLASH_WriteEnable
                0x08007908       0x44 ..\obj\stm32_eval_spi_flash.o
                0x08007908                sFLASH_WriteEnable
 .text.sFLASH_WaitForWriteEnd
                0x0800794c       0x7c ..\obj\stm32_eval_spi_flash.o
                0x0800794c                sFLASH_WaitForWriteEnd
 .text.sFLASH_EraseSector
                0x080079c8       0x5c ..\obj\stm32_eval_spi_flash.o
                0x080079c8                sFLASH_EraseSector
 .text.sFLASH_WritePage
                0x08007a24       0x78 ..\obj\stm32_eval_spi_flash.o
                0x08007a24                sFLASH_WritePage
 .text.sFLASH_WriteBuffer
                0x08007a9c      0x104 ..\obj\stm32_eval_spi_flash.o
                0x08007a9c                sFLASH_WriteBuffer
 .text.USBD_CtlSendData
                0x08007ba0       0x1c ..\obj\usbd_ioreq.o
                0x08007ba0                USBD_CtlSendData
 .text.USBD_CtlContinueSendData
                0x08007bbc       0x14 ..\obj\usbd_ioreq.o
                0x08007bbc                USBD_CtlContinueSendData
 .text.USBD_CtlPrepareRx
                0x08007bd0       0x20 ..\obj\usbd_ioreq.o
                0x08007bd0                USBD_CtlPrepareRx
 .text.USBD_CtlContinueRx
                0x08007bf0       0x14 ..\obj\usbd_ioreq.o
                0x08007bf0                USBD_CtlContinueRx
 .text.USBD_CtlSendStatus
                0x08007c04       0x18 ..\obj\usbd_ioreq.o
                0x08007c04                USBD_CtlSendStatus
 .text.USBD_CtlReceiveStatus
                0x08007c1c       0x18 ..\obj\usbd_ioreq.o
                0x08007c1c                USBD_CtlReceiveStatus
 .text.setServoNeutralRange
                0x08007c34       0x18 ..\obj\controller.o
                0x08007c34                setServoNeutralRange
 *fill*         0x08007c4c        0x4 
 .text.calculateQx
                0x08007c50       0x98 ..\obj\controller.o
                0x08007c50                calculateQx
 .text.setRCData
                0x08007ce8       0x18 ..\obj\controller.o
                0x08007ce8                setRCData
 .text.setServoValueForChannel
                0x08007d00       0x28 ..\obj\controller.o
                0x08007d00                setServoValueForChannel
 .text.getRCDataForChannel
                0x08007d28       0x2c ..\obj\controller.o
                0x08007d28                getRCDataForChannel
 .text.setPValue
                0x08007d54       0x14 ..\obj\controller.o
                0x08007d54                setPValue
 .text.setIValue
                0x08007d68       0x14 ..\obj\controller.o
                0x08007d68                setIValue
 .text.setDValue
                0x08007d7c       0x14 ..\obj\controller.o
                0x08007d7c                setDValue
 .text.getPValue
                0x08007d90        0xc ..\obj\controller.o
                0x08007d90                getPValue
 .text.getIValue
                0x08007d9c        0xc ..\obj\controller.o
                0x08007d9c                getIValue
 .text.getDValue
                0x08007da8        0xc ..\obj\controller.o
                0x08007da8                getDValue
 .text.setMaxAccelerationRCStick
                0x08007db4        0xc ..\obj\controller.o
                0x08007db4                setMaxAccelerationRCStick
 .text.getMaxAccelerationRCStick
                0x08007dc0        0xc ..\obj\controller.o
                0x08007dc0                getMaxAccelerationRCStick
 .text.setToleratedPositionalErrorLimit
                0x08007dcc        0xc ..\obj\controller.o
                0x08007dcc                setToleratedPositionalErrorLimit
 .text.getToleratedPositionalErrorLimit
                0x08007dd8        0xc ..\obj\controller.o
                0x08007dd8                getToleratedPositionalErrorLimit
 .text.setMaxAllowedPositionalError
                0x08007de4        0xc ..\obj\controller.o
                0x08007de4                setMaxAllowedPositionalError
 .text.getMaxAllowedPositionalError
                0x08007df0        0xc ..\obj\controller.o
                0x08007df0                getMaxAllowedPositionalError
 *fill*         0x08007dfc        0x4 
 .text.setMaxAcceleration
                0x08007e00       0x38 ..\obj\controller.o
                0x08007e00                setMaxAcceleration
 .text.getMaxAcceleration
                0x08007e38        0xc ..\obj\controller.o
                0x08007e38                getMaxAcceleration
 .text.setPosStartEnd
                0x08007e44       0x7c ..\obj\controller.o
                0x08007e44                setPosStartEnd
 .text.setPosStart
                0x08007ec0       0x48 ..\obj\controller.o
                0x08007ec0                setPosStart
 .text.getPosStart
                0x08007f08        0xc ..\obj\controller.o
                0x08007f08                getPosStart
 *fill*         0x08007f14        0x4 
 .text.setPosEnd
                0x08007f18       0x48 ..\obj\controller.o
                0x08007f18                setPosEnd
 .text.getPosEnd
                0x08007f60        0xc ..\obj\controller.o
                0x08007f60                getPosEnd
 *fill*         0x08007f6c        0x4 
 .text.setMaxSpeed
                0x08007f70       0x38 ..\obj\controller.o
                0x08007f70                setMaxSpeed
 .text.getMaxSpeed
                0x08007fa8        0xc ..\obj\controller.o
                0x08007fa8                getMaxSpeed
 .text.setTargetPos
                0x08007fb4        0xc ..\obj\controller.o
                0x08007fb4                setTargetPos
 .text.getTargetPos
                0x08007fc0        0xc ..\obj\controller.o
                0x08007fc0                getTargetPos
 .text.setPitch
                0x08007fcc       0x10 ..\obj\controller.o
                0x08007fcc                setPitch
 .text.getPitch
                0x08007fdc       0x14 ..\obj\controller.o
                0x08007fdc                getPitch
 .text.setYaw   0x08007ff0       0x10 ..\obj\controller.o
                0x08007ff0                setYaw
 .text.getYaw   0x08008000       0x14 ..\obj\controller.o
                0x08008000                getYaw
 .text.resetThrottle
                0x08008014        0xc ..\obj\controller.o
                0x08008014                resetThrottle
 .text.getSpeed
                0x08008020        0xc ..\obj\controller.o
                0x08008020                getSpeed
 .text.getPos   0x0800802c        0xc ..\obj\controller.o
                0x0800802c                getPos
 .text.initController
                0x08008038       0x18 ..\obj\controller.o
                0x08008038                initController
 .text.controllercycle
                0x08008050      0xc10 ..\obj\controller.o
                0x08008050                controllercycle
 .text.HAL_TIMEx_CommutationCallback
                0x08008c60        0x4 ..\obj\stm32f1xx_hal_tim_ex.o
                0x08008c60                HAL_TIMEx_CommutationCallback
 .text.HAL_TIMEx_BreakCallback
                0x08008c64        0x4 ..\obj\stm32f1xx_hal_tim_ex.o
                0x08008c64                HAL_TIMEx_BreakCallback
 .text.HAL_MspInit
                0x08008c68        0x4 ..\obj\stm32f1xx_hal_msp_template.o
                0x08008c68                HAL_MspInit
 .text.eeprom_init
                0x08008c6c       0x2c ..\obj\eeprom.o
                0x08008c6c                eeprom_init
 .text.eeprom_write_sector_safe
                0x08008c98       0x34 ..\obj\eeprom.o
                0x08008c98                eeprom_write_sector_safe
 .text.eeprom_read_sector
                0x08008ccc       0x10 ..\obj\eeprom.o
                0x08008ccc                eeprom_read_sector
 .text          0x08008cdc      0x370 c:/program files (x86)/gnu tools arm embedded/4.8 2014q3/bin/../lib/gcc/arm-none-eabi/4.8.4/armv7-m\libgcc.a(_arm_addsubdf3.o)
                0x08008cdc                __aeabi_drsub
                0x08008ce4                __aeabi_dsub
                0x08008ce4                __subdf3
                0x08008ce8                __aeabi_dadd
                0x08008ce8                __adddf3
                0x08008f60                __floatunsidf
                0x08008f60                __aeabi_ui2d
                0x08008f80                __floatsidf
                0x08008f80                __aeabi_i2d
                0x08008fa4                __aeabi_f2d
                0x08008fa4                __extendsfdf2
                0x08008fe0                __floatundidf
                0x08008fe0                __aeabi_ul2d
                0x08008ff0                __floatdidf
                0x08008ff0                __aeabi_l2d
 .text          0x0800904c      0x424 c:/program files (x86)/gnu tools arm embedded/4.8 2014q3/bin/../lib/gcc/arm-none-eabi/4.8.4/armv7-m\libgcc.a(_arm_muldivdf3.o)
                0x0800904c                __aeabi_dmul
                0x0800904c                __muldf3
                0x080092a0                __divdf3
                0x080092a0                __aeabi_ddiv
 .text          0x08009470      0x110 c:/program files (x86)/gnu tools arm embedded/4.8 2014q3/bin/../lib/gcc/arm-none-eabi/4.8.4/armv7-m\libgcc.a(_arm_cmpdf2.o)
                0x08009470                __gtdf2
                0x08009470                __gedf2
                0x08009478                __ltdf2
                0x08009478                __ledf2
                0x08009480                __nedf2
                0x08009480                __eqdf2
                0x08009480                __cmpdf2
                0x080094fc                __aeabi_cdrcmple
                0x0800950c                __aeabi_cdcmpeq
                0x0800950c                __aeabi_cdcmple
                0x0800951c                __aeabi_dcmpeq
                0x08009530                __aeabi_dcmplt
                0x08009544                __aeabi_dcmple
                0x08009558                __aeabi_dcmpge
                0x0800956c                __aeabi_dcmpgt
 .text          0x08009580       0x50 c:/program files (x86)/gnu tools arm embedded/4.8 2014q3/bin/../lib/gcc/arm-none-eabi/4.8.4/armv7-m\libgcc.a(_arm_fixdfsi.o)
                0x08009580                __aeabi_d2iz
                0x08009580                __fixdfsi
 .text          0x080095d0       0x40 c:/program files (x86)/gnu tools arm embedded/4.8 2014q3/bin/../lib/gcc/arm-none-eabi/4.8.4/armv7-m\libgcc.a(_arm_fixunsdfsi.o)
                0x080095d0                __aeabi_d2uiz
                0x080095d0                __fixunsdfsi
 .text          0x08009610      0x21c c:/program files (x86)/gnu tools arm embedded/4.8 2014q3/bin/../lib/gcc/arm-none-eabi/4.8.4/armv7-m\libgcc.a(_arm_addsubsf3.o)
                0x08009610                __aeabi_frsub
                0x08009618                __subsf3
                0x08009618                __aeabi_fsub
                0x0800961c                __aeabi_fadd
                0x0800961c                __addsf3
                0x0800977c                __aeabi_ui2f
                0x0800977c                __floatunsisf
                0x08009784                __aeabi_i2f
                0x08009784                __floatsisf
                0x080097a0                __aeabi_ul2f
                0x080097a0                __floatundisf
                0x080097b0                __aeabi_l2f
                0x080097b0                __floatdisf
 .text          0x0800982c      0x2a0 c:/program files (x86)/gnu tools arm embedded/4.8 2014q3/bin/../lib/gcc/arm-none-eabi/4.8.4/armv7-m\libgcc.a(_arm_muldivsf3.o)
                0x0800982c                __mulsf3
                0x0800982c                __aeabi_fmul
                0x08009994                __aeabi_fdiv
                0x08009994                __divsf3
 .text          0x08009acc       0x40 c:/program files (x86)/gnu tools arm embedded/4.8 2014q3/bin/../lib/gcc/arm-none-eabi/4.8.4/armv7-m\libgcc.a(_arm_fixunssfsi.o)
                0x08009acc                __fixunssfsi
                0x08009acc                __aeabi_f2uiz
 .text.atoi     0x08009b0c        0x8 c:/program files (x86)/gnu tools arm embedded/4.8 2014q3/bin/../lib/gcc/arm-none-eabi/4.8.4/../../../../arm-none-eabi/lib/armv7-m\libc.a(lib_a-atoi.o)
                0x08009b0c                atoi
 .text.__errno  0x08009b14        0xc c:/program files (x86)/gnu tools arm embedded/4.8 2014q3/bin/../lib/gcc/arm-none-eabi/4.8.4/../../../../arm-none-eabi/lib/armv7-m\libc.a(lib_a-errno.o)
                0x08009b14                __errno
 .text.__libc_init_array
                0x08009b20       0x50 c:/program files (x86)/gnu tools arm embedded/4.8 2014q3/bin/../lib/gcc/arm-none-eabi/4.8.4/../../../../arm-none-eabi/lib/armv7-m\libc.a(lib_a-init.o)
                0x08009b20                __libc_init_array
 .text          0x08009b70       0xec c:/program files (x86)/gnu tools arm embedded/4.8 2014q3/bin/../lib/gcc/arm-none-eabi/4.8.4/../../../../arm-none-eabi/lib/armv7-m\libc.a(lib_a-memcpy.o)
                0x08009b70                memcpy
 .text.memset   0x08009c5c       0x94 c:/program files (x86)/gnu tools arm embedded/4.8 2014q3/bin/../lib/gcc/arm-none-eabi/4.8.4/../../../../arm-none-eabi/lib/armv7-m\libc.a(lib_a-memset.o)
                0x08009c5c                memset
 .text.snprintf
                0x08009cf0       0x68 c:/program files (x86)/gnu tools arm embedded/4.8 2014q3/bin/../lib/gcc/arm-none-eabi/4.8.4/../../../../arm-none-eabi/lib/armv7-m\libc.a(lib_a-snprintf.o)
                0x08009cf0                snprintf
 .text.strlen   0x08009d58       0x60 c:/program files (x86)/gnu tools arm embedded/4.8 2014q3/bin/../lib/gcc/arm-none-eabi/4.8.4/../../../../arm-none-eabi/lib/armv7-m\libc.a(lib_a-strlen.o)
                0x08009d58                strlen
 .text.strncmp  0x08009db8       0xb4 c:/program files (x86)/gnu tools arm embedded/4.8 2014q3/bin/../lib/gcc/arm-none-eabi/4.8.4/../../../../arm-none-eabi/lib/armv7-m\libc.a(lib_a-strncmp.o)
                0x08009db8                strncmp
 .text.sulp     0x08009e6c       0x40 c:/program files (x86)/gnu tools arm embedded/4.8 2014q3/bin/../lib/gcc/arm-none-eabi/4.8.4/../../../../arm-none-eabi/lib/armv7-m\libc.a(lib_a-strtod.o)
 *fill*         0x08009eac        0x4 
 .text._strtod_r
                0x08009eb0      0xf40 c:/program files (x86)/gnu tools arm embedded/4.8 2014q3/bin/../lib/gcc/arm-none-eabi/4.8.4/../../../../arm-none-eabi/lib/armv7-m\libc.a(lib_a-strtod.o)
                0x08009eb0                _strtod_r
 .text.strtod   0x0800adf0       0x10 c:/program files (x86)/gnu tools arm embedded/4.8 2014q3/bin/../lib/gcc/arm-none-eabi/4.8.4/../../../../arm-none-eabi/lib/armv7-m\libc.a(lib_a-strtod.o)
                0x0800adf0                strtod
 .text._strtol_r
                0x0800ae00      0x114 c:/program files (x86)/gnu tools arm embedded/4.8 2014q3/bin/../lib/gcc/arm-none-eabi/4.8.4/../../../../arm-none-eabi/lib/armv7-m\libc.a(lib_a-strtol.o)
                0x0800ae00                _strtol_r
 .text.strtol   0x0800af14       0x18 c:/program files (x86)/gnu tools arm embedded/4.8 2014q3/bin/../lib/gcc/arm-none-eabi/4.8.4/../../../../arm-none-eabi/lib/armv7-m\libc.a(lib_a-strtol.o)
                0x0800af14                strtol
 .text._svfprintf_r
                0x0800af2c     0x14e0 c:/program files (x86)/gnu tools arm embedded/4.8 2014q3/bin/../lib/gcc/arm-none-eabi/4.8.4/../../../../arm-none-eabi/lib/armv7-m\libc.a(lib_a-svfprintf.o)
                0x0800af2c                _svfprintf_r
 .text.startup.register_fini
                0x0800c40c       0x14 c:/program files (x86)/gnu tools arm embedded/4.8 2014q3/bin/../lib/gcc/arm-none-eabi/4.8.4/../../../../arm-none-eabi/lib/armv7-m\libc.a(lib_a-__call_atexit.o)
 .text.atexit   0x0800c420        0xc c:/program files (x86)/gnu tools arm embedded/4.8 2014q3/bin/../lib/gcc/arm-none-eabi/4.8.4/../../../../arm-none-eabi/lib/armv7-m\libc.a(lib_a-atexit.o)
                0x0800c420                atexit
 .text.quorem   0x0800c42c      0x134 c:/program files (x86)/gnu tools arm embedded/4.8 2014q3/bin/../lib/gcc/arm-none-eabi/4.8.4/../../../../arm-none-eabi/lib/armv7-m\libc.a(lib_a-dtoa.o)
 .text._dtoa_r  0x0800c560      0xe38 c:/program files (x86)/gnu tools arm embedded/4.8 2014q3/bin/../lib/gcc/arm-none-eabi/4.8.4/../../../../arm-none-eabi/lib/armv7-m\libc.a(lib_a-dtoa.o)
                0x0800c560                _dtoa_r
 .text.__libc_fini_array
                0x0800d398       0x30 c:/program files (x86)/gnu tools arm embedded/4.8 2014q3/bin/../lib/gcc/arm-none-eabi/4.8.4/../../../../arm-none-eabi/lib/armv7-m\libc.a(lib_a-fini.o)
                0x0800d398                __libc_fini_array
 .text.rshift   0x0800d3c8       0xa0 c:/program files (x86)/gnu tools arm embedded/4.8 2014q3/bin/../lib/gcc/arm-none-eabi/4.8.4/../../../../arm-none-eabi/lib/armv7-m\libc.a(lib_a-gdtoa-gethex.o)
 .text.__gethex
                0x0800d468      0x52c c:/program files (x86)/gnu tools arm embedded/4.8 2014q3/bin/../lib/gcc/arm-none-eabi/4.8.4/../../../../arm-none-eabi/lib/armv7-m\libc.a(lib_a-gdtoa-gethex.o)
                0x0800d468                __gethex
 .text.__hexnan
                0x0800d994      0x194 c:/program files (x86)/gnu tools arm embedded/4.8 2014q3/bin/../lib/gcc/arm-none-eabi/4.8.4/../../../../arm-none-eabi/lib/armv7-m\libc.a(lib_a-gdtoa-hexnan.o)
                0x0800d994                __hexnan
 .text._localeconv_r
                0x0800db28        0x8 c:/program files (x86)/gnu tools arm embedded/4.8 2014q3/bin/../lib/gcc/arm-none-eabi/4.8.4/../../../../arm-none-eabi/lib/armv7-m\libc.a(lib_a-locale.o)
                0x0800db28                _localeconv_r
 .text._malloc_r
                0x0800db30      0x538 c:/program files (x86)/gnu tools arm embedded/4.8 2014q3/bin/../lib/gcc/arm-none-eabi/4.8.4/../../../../arm-none-eabi/lib/armv7-m\libc.a(lib_a-mallocr.o)
                0x0800db30                _malloc_r
 .text.memchr   0x0800e068       0x94 c:/program files (x86)/gnu tools arm embedded/4.8 2014q3/bin/../lib/gcc/arm-none-eabi/4.8.4/../../../../arm-none-eabi/lib/armv7-m\libc.a(lib_a-memchr-stub.o)
                0x0800e068                memchr
 .text.__malloc_lock
                0x0800e0fc        0x4 c:/program files (x86)/gnu tools arm embedded/4.8 2014q3/bin/../lib/gcc/arm-none-eabi/4.8.4/../../../../arm-none-eabi/lib/armv7-m\libc.a(lib_a-mlock.o)
                0x0800e0fc                __malloc_lock
 .text.__malloc_unlock
                0x0800e100        0x4 c:/program files (x86)/gnu tools arm embedded/4.8 2014q3/bin/../lib/gcc/arm-none-eabi/4.8.4/../../../../arm-none-eabi/lib/armv7-m\libc.a(lib_a-mlock.o)
                0x0800e100                __malloc_unlock
 .text._Balloc  0x0800e104       0x4c c:/program files (x86)/gnu tools arm embedded/4.8 2014q3/bin/../lib/gcc/arm-none-eabi/4.8.4/../../../../arm-none-eabi/lib/armv7-m\libc.a(lib_a-mprec.o)
                0x0800e104                _Balloc
 .text._Bfree   0x0800e150       0x14 c:/program files (x86)/gnu tools arm embedded/4.8 2014q3/bin/../lib/gcc/arm-none-eabi/4.8.4/../../../../arm-none-eabi/lib/armv7-m\libc.a(lib_a-mprec.o)
                0x0800e150                _Bfree
 .text.__multadd
                0x0800e164       0x94 c:/program files (x86)/gnu tools arm embedded/4.8 2014q3/bin/../lib/gcc/arm-none-eabi/4.8.4/../../../../arm-none-eabi/lib/armv7-m\libc.a(lib_a-mprec.o)
                0x0800e164                __multadd
 .text.__s2b    0x0800e1f8       0x98 c:/program files (x86)/gnu tools arm embedded/4.8 2014q3/bin/../lib/gcc/arm-none-eabi/4.8.4/../../../../arm-none-eabi/lib/armv7-m\libc.a(lib_a-mprec.o)
                0x0800e1f8                __s2b
 .text.__hi0bits
                0x0800e290       0x40 c:/program files (x86)/gnu tools arm embedded/4.8 2014q3/bin/../lib/gcc/arm-none-eabi/4.8.4/../../../../arm-none-eabi/lib/armv7-m\libc.a(lib_a-mprec.o)
                0x0800e290                __hi0bits
 .text.__lo0bits
                0x0800e2d0       0x5c c:/program files (x86)/gnu tools arm embedded/4.8 2014q3/bin/../lib/gcc/arm-none-eabi/4.8.4/../../../../arm-none-eabi/lib/armv7-m\libc.a(lib_a-mprec.o)
                0x0800e2d0                __lo0bits
 .text.__i2b    0x0800e32c       0x14 c:/program files (x86)/gnu tools arm embedded/4.8 2014q3/bin/../lib/gcc/arm-none-eabi/4.8.4/../../../../arm-none-eabi/lib/armv7-m\libc.a(lib_a-mprec.o)
                0x0800e32c                __i2b
 .text.__multiply
                0x0800e340      0x13c c:/program files (x86)/gnu tools arm embedded/4.8 2014q3/bin/../lib/gcc/arm-none-eabi/4.8.4/../../../../arm-none-eabi/lib/armv7-m\libc.a(lib_a-mprec.o)
                0x0800e340                __multiply
 .text.__pow5mult
                0x0800e47c       0x9c c:/program files (x86)/gnu tools arm embedded/4.8 2014q3/bin/../lib/gcc/arm-none-eabi/4.8.4/../../../../arm-none-eabi/lib/armv7-m\libc.a(lib_a-mprec.o)
                0x0800e47c                __pow5mult
 .text.__lshift
                0x0800e518       0xbc c:/program files (x86)/gnu tools arm embedded/4.8 2014q3/bin/../lib/gcc/arm-none-eabi/4.8.4/../../../../arm-none-eabi/lib/armv7-m\libc.a(lib_a-mprec.o)
                0x0800e518                __lshift
 .text.__mcmp   0x0800e5d4       0x48 c:/program files (x86)/gnu tools arm embedded/4.8 2014q3/bin/../lib/gcc/arm-none-eabi/4.8.4/../../../../arm-none-eabi/lib/armv7-m\libc.a(lib_a-mprec.o)
                0x0800e5d4                __mcmp
 .text.__mdiff  0x0800e61c       0xd8 c:/program files (x86)/gnu tools arm embedded/4.8 2014q3/bin/../lib/gcc/arm-none-eabi/4.8.4/../../../../arm-none-eabi/lib/armv7-m\libc.a(lib_a-mprec.o)
                0x0800e61c                __mdiff
 .text.__ulp    0x0800e6f4       0x40 c:/program files (x86)/gnu tools arm embedded/4.8 2014q3/bin/../lib/gcc/arm-none-eabi/4.8.4/../../../../arm-none-eabi/lib/armv7-m\libc.a(lib_a-mprec.o)
                0x0800e6f4                __ulp
 .text.__b2d    0x0800e734       0xb8 c:/program files (x86)/gnu tools arm embedded/4.8 2014q3/bin/../lib/gcc/arm-none-eabi/4.8.4/../../../../arm-none-eabi/lib/armv7-m\libc.a(lib_a-mprec.o)
                0x0800e734                __b2d
 .text.__d2b    0x0800e7ec       0xbc c:/program files (x86)/gnu tools arm embedded/4.8 2014q3/bin/../lib/gcc/arm-none-eabi/4.8.4/../../../../arm-none-eabi/lib/armv7-m\libc.a(lib_a-mprec.o)
                0x0800e7ec                __d2b
 .text.__ratio  0x0800e8a8       0x50 c:/program files (x86)/gnu tools arm embedded/4.8 2014q3/bin/../lib/gcc/arm-none-eabi/4.8.4/../../../../arm-none-eabi/lib/armv7-m\libc.a(lib_a-mprec.o)
                0x0800e8a8                __ratio
 .text.__copybits
                0x0800e8f8       0x48 c:/program files (x86)/gnu tools arm embedded/4.8 2014q3/bin/../lib/gcc/arm-none-eabi/4.8.4/../../../../arm-none-eabi/lib/armv7-m\libc.a(lib_a-mprec.o)
                0x0800e8f8                __copybits
 .text.__any_on
                0x0800e940       0x60 c:/program files (x86)/gnu tools arm embedded/4.8 2014q3/bin/../lib/gcc/arm-none-eabi/4.8.4/../../../../arm-none-eabi/lib/armv7-m\libc.a(lib_a-mprec.o)
                0x0800e940                __any_on
 .text.__fpclassifyd
                0x0800e9a0       0x50 c:/program files (x86)/gnu tools arm embedded/4.8 2014q3/bin/../lib/gcc/arm-none-eabi/4.8.4/../../../../arm-none-eabi/lib/armv7-m\libc.a(lib_a-s_fpclassify.o)
                0x0800e9a0                __fpclassifyd
 .text._sbrk_r  0x0800e9f0       0x24 c:/program files (x86)/gnu tools arm embedded/4.8 2014q3/bin/../lib/gcc/arm-none-eabi/4.8.4/../../../../arm-none-eabi/lib/armv7-m\libc.a(lib_a-sbrkr.o)
                0x0800e9f0                _sbrk_r
 .text.__ssprint_r
                0x0800ea14      0x100 c:/program files (x86)/gnu tools arm embedded/4.8 2014q3/bin/../lib/gcc/arm-none-eabi/4.8.4/../../../../arm-none-eabi/lib/armv7-m\libc.a(lib_a-svfiprintf.o)
                0x0800ea14                __ssprint_r
 .text.__register_exitproc
                0x0800eb14       0xa8 c:/program files (x86)/gnu tools arm embedded/4.8 2014q3/bin/../lib/gcc/arm-none-eabi/4.8.4/../../../../arm-none-eabi/lib/armv7-m\libc.a(lib_a-__atexit.o)
                0x0800eb14                __register_exitproc
 .text._calloc_r
                0x0800ebbc       0x60 c:/program files (x86)/gnu tools arm embedded/4.8 2014q3/bin/../lib/gcc/arm-none-eabi/4.8.4/../../../../arm-none-eabi/lib/armv7-m\libc.a(lib_a-callocr.o)
                0x0800ebbc                _calloc_r
 .text._malloc_trim_r
                0x0800ec1c       0x9c c:/program files (x86)/gnu tools arm embedded/4.8 2014q3/bin/../lib/gcc/arm-none-eabi/4.8.4/../../../../arm-none-eabi/lib/armv7-m\libc.a(lib_a-freer.o)
                0x0800ec1c                _malloc_trim_r
 .text._free_r  0x0800ecb8      0x198 c:/program files (x86)/gnu tools arm embedded/4.8 2014q3/bin/../lib/gcc/arm-none-eabi/4.8.4/../../../../arm-none-eabi/lib/armv7-m\libc.a(lib_a-freer.o)
                0x0800ecb8                _free_r
 .text.memmove  0x0800ee50       0xcc c:/program files (x86)/gnu tools arm embedded/4.8 2014q3/bin/../lib/gcc/arm-none-eabi/4.8.4/../../../../arm-none-eabi/lib/armv7-m\libc.a(lib_a-memmove.o)
                0x0800ee50                memmove
 .text._realloc_r
                0x0800ef1c      0x3c0 c:/program files (x86)/gnu tools arm embedded/4.8 2014q3/bin/../lib/gcc/arm-none-eabi/4.8.4/../../../../arm-none-eabi/lib/armv7-m\libc.a(lib_a-reallocr.o)
                0x0800ef1c                _realloc_r
 .text          0x0800f2dc       0x2c c:/program files (x86)/gnu tools arm embedded/4.8 2014q3/bin/../lib/gcc/arm-none-eabi/4.8.4/armv7-m\libgcc.a(_aeabi_uldivmod.o)
                0x0800f2dc                __aeabi_uldivmod
 .text          0x0800f308       0x60 c:/program files (x86)/gnu tools arm embedded/4.8 2014q3/bin/../lib/gcc/arm-none-eabi/4.8.4/armv7-m\libgcc.a(bpabi.o)
                0x0800f308                __gnu_ldivmod_helper
                0x0800f338                __gnu_uldivmod_helper
 .text          0x0800f368        0x4 c:/program files (x86)/gnu tools arm embedded/4.8 2014q3/bin/../lib/gcc/arm-none-eabi/4.8.4/armv7-m\libgcc.a(_dvmd_tls.o)
                0x0800f368                __aeabi_idiv0
                0x0800f368                __aeabi_ldiv0
 .text          0x0800f36c      0x2a0 c:/program files (x86)/gnu tools arm embedded/4.8 2014q3/bin/../lib/gcc/arm-none-eabi/4.8.4/armv7-m\libgcc.a(_divdi3.o)
                0x0800f36c                __divdi3
 .text          0x0800f60c      0x290 c:/program files (x86)/gnu tools arm embedded/4.8 2014q3/bin/../lib/gcc/arm-none-eabi/4.8.4/armv7-m\libgcc.a(_udivdi3.o)
                0x0800f60c                __udivdi3
 *(.init)
 .init          0x0800f89c        0x4 c:/program files (x86)/gnu tools arm embedded/4.8 2014q3/bin/../lib/gcc/arm-none-eabi/4.8.4/armv7-m/crti.o
                0x0800f89c                _init
 .init          0x0800f8a0        0x8 c:/program files (x86)/gnu tools arm embedded/4.8 2014q3/bin/../lib/gcc/arm-none-eabi/4.8.4/armv7-m/crtn.o
 *(.fini)
 .fini          0x0800f8a8        0x4 c:/program files (x86)/gnu tools arm embedded/4.8 2014q3/bin/../lib/gcc/arm-none-eabi/4.8.4/armv7-m/crti.o
                0x0800f8a8                _fini
 .fini          0x0800f8ac        0x8 c:/program files (x86)/gnu tools arm embedded/4.8 2014q3/bin/../lib/gcc/arm-none-eabi/4.8.4/armv7-m/crtn.o
 *crtbegin.o(.ctors)
 *crtbegin?.o(.ctors)
 *(EXCLUDE_FILE(*crtend.o *crtend?.o) .ctors)
 *(SORT(.ctors.*))
 *(.ctors)
 *crtbegin.o(.dtors)
 *crtbegin?.o(.dtors)
 *(EXCLUDE_FILE(*crtend.o *crtend?.o) .dtors)
 *(SORT(.dtors.*))
 *(.dtors)
 *(.rodata*)
 .rodata        0x0800f8b4       0x54 ..\obj\protocol.o
 .rodata.str1.4
                0x0800f908     0x16a2 ..\obj\protocol.o
                               0x16ac (size before relaxing)
 *fill*         0x08010faa        0x2 
 .rodata        0x08010fac       0x24 ..\obj\stm32f1xx_hal_rcc.o
                0x08010fc0                aAPBAHBPrescTable
 .rodata.str1.4
                0x08010fd0       0xdf ..\obj\main.o
                                 0xe0 (size before relaxing)
 *fill*         0x080110af        0x1 
 .rodata.str1.4
                0x080110b0       0x46 ..\obj\serial_print.o
                                 0x5c (size before relaxing)
 *fill*         0x080110f6        0x2 
 .rodata        0x080110f8       0x18 ..\obj\usbd_desc.o
                0x080110f8                hUSBDDeviceDesc
                0x0801110c                USBD_LangIDDesc
 .rodata.str1.4
                0x08011110       0x52 ..\obj\usbd_desc.o
                                 0x54 (size before relaxing)
 *fill*         0x08011162        0x2 
 .rodata.str1.4
                0x08011164      0x1b2 ..\obj\controller.o
                                0x1c0 (size before relaxing)
 *fill*         0x08011316        0x2 
 .rodata.str1.4
                0x08011318        0x2 c:/program files (x86)/gnu tools arm embedded/4.8 2014q3/bin/../lib/gcc/arm-none-eabi/4.8.4/../../../../arm-none-eabi/lib/armv7-m\libc.a(lib_a-impure.o)
                                  0x4 (size before relaxing)
 *fill*         0x0801131a        0x2 
 .rodata._global_impure_ptr
                0x0801131c        0x4 c:/program files (x86)/gnu tools arm embedded/4.8 2014q3/bin/../lib/gcc/arm-none-eabi/4.8.4/../../../../arm-none-eabi/lib/armv7-m\libc.a(lib_a-impure.o)
                0x0801131c                _global_impure_ptr
 .rodata.fpi.5238
                0x08011320       0x14 c:/program files (x86)/gnu tools arm embedded/4.8 2014q3/bin/../lib/gcc/arm-none-eabi/4.8.4/../../../../arm-none-eabi/lib/armv7-m\libc.a(lib_a-strtod.o)
 .rodata.str1.4
                0x08011334        0xf c:/program files (x86)/gnu tools arm embedded/4.8 2014q3/bin/../lib/gcc/arm-none-eabi/4.8.4/../../../../arm-none-eabi/lib/armv7-m\libc.a(lib_a-strtod.o)
                                 0x10 (size before relaxing)
 *fill*         0x08011343        0x1 
 .rodata.fpinan.5274
                0x08011344       0x14 c:/program files (x86)/gnu tools arm embedded/4.8 2014q3/bin/../lib/gcc/arm-none-eabi/4.8.4/../../../../arm-none-eabi/lib/armv7-m\libc.a(lib_a-strtod.o)
 .rodata.tinytens
                0x08011358       0x28 c:/program files (x86)/gnu tools arm embedded/4.8 2014q3/bin/../lib/gcc/arm-none-eabi/4.8.4/../../../../arm-none-eabi/lib/armv7-m\libc.a(lib_a-strtod.o)
 .rodata.zeroes.6763
                0x08011380       0x10 c:/program files (x86)/gnu tools arm embedded/4.8 2014q3/bin/../lib/gcc/arm-none-eabi/4.8.4/../../../../arm-none-eabi/lib/armv7-m\libc.a(lib_a-svfprintf.o)
 .rodata.str1.4
                0x08011390       0x3f c:/program files (x86)/gnu tools arm embedded/4.8 2014q3/bin/../lib/gcc/arm-none-eabi/4.8.4/../../../../arm-none-eabi/lib/armv7-m\libc.a(lib_a-svfprintf.o)
                                 0x44 (size before relaxing)
 *fill*         0x080113cf        0x1 
 .rodata.blanks.6762
                0x080113d0       0x10 c:/program files (x86)/gnu tools arm embedded/4.8 2014q3/bin/../lib/gcc/arm-none-eabi/4.8.4/../../../../arm-none-eabi/lib/armv7-m\libc.a(lib_a-svfprintf.o)
 .rodata._ctype_
                0x080113e0      0x104 c:/program files (x86)/gnu tools arm embedded/4.8 2014q3/bin/../lib/gcc/arm-none-eabi/4.8.4/../../../../arm-none-eabi/lib/armv7-m\libc.a(lib_a-ctype_.o)
                0x080113e0                _ctype_
 .rodata.str1.4
                0x080114e4       0x10 c:/program files (x86)/gnu tools arm embedded/4.8 2014q3/bin/../lib/gcc/arm-none-eabi/4.8.4/../../../../arm-none-eabi/lib/armv7-m\libc.a(lib_a-dtoa.o)
                                 0x14 (size before relaxing)
 .rodata.__hexdig
                0x080114f4      0x100 c:/program files (x86)/gnu tools arm embedded/4.8 2014q3/bin/../lib/gcc/arm-none-eabi/4.8.4/../../../../arm-none-eabi/lib/armv7-m\libc.a(lib_a-gdtoa-gethex.o)
                0x080114f4                __hexdig
 .rodata.str1.4
                0x080115f4        0x8 c:/program files (x86)/gnu tools arm embedded/4.8 2014q3/bin/../lib/gcc/arm-none-eabi/4.8.4/../../../../arm-none-eabi/lib/armv7-m\libc.a(lib_a-locale.o)
                                 0x14 (size before relaxing)
 *fill*         0x080115fc        0x4 
 .rodata.__mprec_tens
                0x08011600       0xc8 c:/program files (x86)/gnu tools arm embedded/4.8 2014q3/bin/../lib/gcc/arm-none-eabi/4.8.4/../../../../arm-none-eabi/lib/armv7-m\libc.a(lib_a-mprec.o)
                0x08011600                __mprec_tens
 .rodata.__mprec_bigtens
                0x080116c8       0x28 c:/program files (x86)/gnu tools arm embedded/4.8 2014q3/bin/../lib/gcc/arm-none-eabi/4.8.4/../../../../arm-none-eabi/lib/armv7-m\libc.a(lib_a-mprec.o)
                0x080116c8                __mprec_bigtens
 .rodata.p05.5269
                0x080116f0        0xc c:/program files (x86)/gnu tools arm embedded/4.8 2014q3/bin/../lib/gcc/arm-none-eabi/4.8.4/../../../../arm-none-eabi/lib/armv7-m\libc.a(lib_a-mprec.o)
 *(.eh_fram e*)

.eh_frame       0x080116fc        0x0
 .eh_frame      0x080116fc        0x0 c:/program files (x86)/gnu tools arm embedded/4.8 2014q3/bin/../lib/gcc/arm-none-eabi/4.8.4/armv7-m/crtbegin.o

.glue_7         0x080116fc        0x0
 .glue_7        0x00000000        0x0 linker stubs

.glue_7t        0x080116fc        0x0
 .glue_7t       0x00000000        0x0 linker stubs

.vfp11_veneer   0x080116fc        0x0
 .vfp11_veneer  0x00000000        0x0 linker stubs

.v4_bx          0x080116fc        0x0
 .v4_bx         0x00000000        0x0 linker stubs

.iplt           0x080116fc        0x0
 .iplt          0x00000000        0x0 c:/program files (x86)/gnu tools arm embedded/4.8 2014q3/bin/../lib/gcc/arm-none-eabi/4.8.4/armv7-m/crtbegin.o

.ARM.extab
 *(.ARM.extab* .gnu.linkonce.armextab.*)
                0x080116fc                __exidx_start = .

.ARM.exidx      0x080116fc        0x8
 *(.ARM.exidx* .gnu.linkonce.armexidx.*)
 .ARM.exidx     0x080116fc        0x8 c:/program files (x86)/gnu tools arm embedded/4.8 2014q3/bin/../lib/gcc/arm-none-eabi/4.8.4/armv7-m\libgcc.a(_divdi3.o)
 .ARM.exidx     0x08011704        0x0 c:/program files (x86)/gnu tools arm embedded/4.8 2014q3/bin/../lib/gcc/arm-none-eabi/4.8.4/armv7-m\libgcc.a(_udivdi3.o)
                                  0x8 (size before relaxing)
                0x08011704                __exidx_end = .
                0x08011704                __etext = .
                0x08011704                _sidata = __etext

.rel.dyn        0x08011704        0x0
 .rel.iplt      0x00000000        0x0 c:/program files (x86)/gnu tools arm embedded/4.8 2014q3/bin/../lib/gcc/arm-none-eabi/4.8.4/armv7-m/crtbegin.o

.data           0x20000000      0xa40 load address 0x08011704
                0x20000000                __data_start__ = .
                0x20000000                _sdata = __data_start__
 *(vtable)
 *(.data*)
 .data          0x20000000       0x14 ..\obj\system_stm32f1xx.o
                0x20000000                SystemCoreClock
                0x20000004                AHBPrescTable
 .data          0x20000014       0x38 ..\obj\usbd_desc.o
                0x20000014                USBD_StringSerial
                0x20000030                VCP_Desc
 .data          0x2000004c        0x1 ..\obj\debug.o
                0x2000004c                debug_endpoint
 *fill*         0x2000004d        0x3 
 .data          0x20000050      0x110 ..\obj\usbd_cdc.o
                0x20000050                USBD_CDC_CfgFSDesc
                0x20000094                USBD_CDC_CfgHSDesc
                0x200000d8                USBD_CDC_OtherSpeedCfgDesc
                0x20000128                USBD_CDC
 .data          0x20000160       0x18 ..\obj\usbd_cdc_interface.o
                0x20000160                LineCoding
                0x20000168                USBD_CDC_fops
 .data          0x20000178        0x4 ..\obj\stm32_servo_input.o
 *fill*         0x2000017c        0x4 
 .data          0x20000180       0x38 ..\obj\controller.o
                0x20000180                esc_neutral_range_center
                0x20000182                esc_neutral_range_forward
                0x20000184                esc_neutral_range_reverse
                0x20000188                rcData
                0x20000190                servo
                0x20000198                pos_end
                0x200001a0                max_acceleration
                0x200001a8                pos_start
                0x200001b0                max_speed
 .data.impure_data
                0x200001b8      0x428 c:/program files (x86)/gnu tools arm embedded/4.8 2014q3/bin/../lib/gcc/arm-none-eabi/4.8.4/../../../../arm-none-eabi/lib/armv7-m\libc.a(lib_a-impure.o)
 .data._impure_ptr
                0x200005e0        0x4 c:/program files (x86)/gnu tools arm embedded/4.8 2014q3/bin/../lib/gcc/arm-none-eabi/4.8.4/../../../../arm-none-eabi/lib/armv7-m\libc.a(lib_a-impure.o)
                0x200005e0                _impure_ptr
 .data.__ctype_ptr__
                0x200005e4        0x4 c:/program files (x86)/gnu tools arm embedded/4.8 2014q3/bin/../lib/gcc/arm-none-eabi/4.8.4/../../../../arm-none-eabi/lib/armv7-m\libc.a(lib_a-ctype_.o)
                0x200005e4                __ctype_ptr__
 .data.lconv    0x200005e8       0x38 c:/program files (x86)/gnu tools arm embedded/4.8 2014q3/bin/../lib/gcc/arm-none-eabi/4.8.4/../../../../arm-none-eabi/lib/armv7-m\libc.a(lib_a-locale.o)
 .data.__malloc_av_
                0x20000620      0x408 c:/program files (x86)/gnu tools arm embedded/4.8 2014q3/bin/../lib/gcc/arm-none-eabi/4.8.4/../../../../arm-none-eabi/lib/armv7-m\libc.a(lib_a-mallocr.o)
                0x20000620                __malloc_av_
 .data.__malloc_trim_threshold
                0x20000a28        0x4 c:/program files (x86)/gnu tools arm embedded/4.8 2014q3/bin/../lib/gcc/arm-none-eabi/4.8.4/../../../../arm-none-eabi/lib/armv7-m\libc.a(lib_a-mallocr.o)
                0x20000a28                __malloc_trim_threshold
 .data.__malloc_sbrk_base
                0x20000a2c        0x4 c:/program files (x86)/gnu tools arm embedded/4.8 2014q3/bin/../lib/gcc/arm-none-eabi/4.8.4/../../../../arm-none-eabi/lib/armv7-m\libc.a(lib_a-mallocr.o)
                0x20000a2c                __malloc_sbrk_base
                0x20000a30                . = ALIGN (0x4)
                0x20000a30                PROVIDE (__preinit_array_start, .)
 *(.preinit_array)
                0x20000a30                PROVIDE (__preinit_array_end, .)
                0x20000a30                . = ALIGN (0x4)
                0x20000a30                PROVIDE (__init_array_start, .)
 *(SORT(.init_array.*))
 .init_array.00000
                0x20000a30        0x4 c:/program files (x86)/gnu tools arm embedded/4.8 2014q3/bin/../lib/gcc/arm-none-eabi/4.8.4/../../../../arm-none-eabi/lib/armv7-m\libc.a(lib_a-__call_atexit.o)
 *(.init_array)
 .init_array    0x20000a34        0x4 c:/program files (x86)/gnu tools arm embedded/4.8 2014q3/bin/../lib/gcc/arm-none-eabi/4.8.4/armv7-m/crtbegin.o
                0x20000a38                PROVIDE (__init_array_end, .)
                0x20000a38                . = ALIGN (0x4)
                0x20000a38                PROVIDE (__fini_array_start, .)
 *(SORT(.fini_array.*))
 *(.fini_array)
 .fini_array    0x20000a38        0x4 c:/program files (x86)/gnu tools arm embedded/4.8 2014q3/bin/../lib/gcc/arm-none-eabi/4.8.4/armv7-m/crtbegin.o
                0x20000a3c                PROVIDE (__fini_array_end, .)
 *(.jcr*)
 .jcr           0x20000a3c        0x0 c:/program files (x86)/gnu tools arm embedded/4.8 2014q3/bin/../lib/gcc/arm-none-eabi/4.8.4/armv7-m/crtbegin.o
 .jcr           0x20000a3c        0x4 c:/program files (x86)/gnu tools arm embedded/4.8 2014q3/bin/../lib/gcc/arm-none-eabi/4.8.4/armv7-m/crtend.o
                0x20000a40                . = ALIGN (0x4)
                0x20000a40                __data_end__ = .
                0x20000a40                _edata = __data_end__

.igot.plt       0x20000a40        0x0 load address 0x08012144
 .igot.plt      0x00000000        0x0 c:/program files (x86)/gnu tools arm embedded/4.8 2014q3/bin/../lib/gcc/arm-none-eabi/4.8.4/armv7-m/crtbegin.o

.bss            0x20000a40     0x21b4 load address 0x08012148
                0x20000a40                . = ALIGN (0x4)
                0x20000a40                __bss_start__ = .
                0x20000a40                _sbss = __bss_start__
 *(.bss*)
 .bss           0x20000a40       0x1c c:/program files (x86)/gnu tools arm embedded/4.8 2014q3/bin/../lib/gcc/arm-none-eabi/4.8.4/armv7-m/crtbegin.o
 .bss           0x20000a5c        0x4 ..\obj\stm32f1xx_hal.o
 .bss           0x20000a60       0xdc ..\obj\protocol.o
 .bss           0x20000b3c        0x4 ..\obj\main.o
                0x20000b3c                bootphase
 .bss           0x20000b40        0x1 ..\obj\stm32f1xx_hal_spi_ex.o
                0x20000b40                uCRCErrorWorkaroundCheck
 *fill*         0x20000b41        0x3 
 .bss           0x20000b44        0x4 ..\obj\clock_50Hz.o
 .bss           0x20000b48      0x230 ..\obj\usbd_conf.o
 .bss           0x20000d78       0x24 ..\obj\sbus.o
 .bss           0x20000d9c        0xc ..\obj\printf2.o
                0x20000da4                __env
 .bss           0x20000da8       0x18 ..\obj\usbd_cdc_interface.o
                0x20000da8                bytes_received
                0x20000dac                last_string_start_pos
                0x20000db0                rxbuffer_overflow
                0x20000db4                bytes_written
                0x20000db8                bytes_sent
                0x20000dbc                bytes_scanned
 .bss           0x20000dc0        0x1 ..\obj\usbd_ctlreq.o
 *fill*         0x20000dc1        0x3 
 .bss           0x20000dc4       0x50 ..\obj\stm32_servo_input.o
 *fill*         0x20000e14        0x4 
 .bss           0x20000e18       0x58 ..\obj\controller.o
                0x20000e28                resetthrottle
                0x20000e38                in_neutral_aux
                0x20000e39                in_neutral_pitch
                0x20000e3a                in_neutral_yaw
                0x20000e60                rc_speed_signal_old
                0x20000e68                moving_direction
 .bss           0x20000e70        0x8 ..\obj\eeprom.o
                0x20000e70                FlashID
 .bss.__malloc_max_total_mem
                0x20000e78        0x4 c:/program files (x86)/gnu tools arm embedded/4.8 2014q3/bin/../lib/gcc/arm-none-eabi/4.8.4/../../../../arm-none-eabi/lib/armv7-m\libc.a(lib_a-mallocr.o)
                0x20000e78                __malloc_max_total_mem
 .bss.__malloc_max_sbrked_mem
                0x20000e7c        0x4 c:/program files (x86)/gnu tools arm embedded/4.8 2014q3/bin/../lib/gcc/arm-none-eabi/4.8.4/../../../../arm-none-eabi/lib/armv7-m\libc.a(lib_a-mallocr.o)
                0x20000e7c                __malloc_max_sbrked_mem
 .bss.__malloc_top_pad
                0x20000e80        0x4 c:/program files (x86)/gnu tools arm embedded/4.8 2014q3/bin/../lib/gcc/arm-none-eabi/4.8.4/../../../../arm-none-eabi/lib/armv7-m\libc.a(lib_a-mallocr.o)
                0x20000e80                __malloc_top_pad
 .bss.__malloc_current_mallinfo
                0x20000e84       0x28 c:/program files (x86)/gnu tools arm embedded/4.8 2014q3/bin/../lib/gcc/arm-none-eabi/4.8.4/../../../../arm-none-eabi/lib/armv7-m\libc.a(lib_a-mallocr.o)
                0x20000e84                __malloc_current_mallinfo
 *(COMMON)
 COMMON         0x20000eac       0x78 ..\obj\stm32_servo_output.o
                0x20000eac                Tim3Handle
                0x20000ee8                Tim4Handle
 *fill*         0x20000f24        0x4 
 COMMON         0x20000f28       0xd0 ..\obj\protocol.o
                0x20000f28                defaultsettings
                0x20000f90                activesettings
 COMMON         0x20000ff8       0x3c ..\obj\stm32_encoder.o
                0x20000ff8                Tim2Handle
 COMMON         0x20001034      0x234 ..\obj\main.o
                0x20001034                USBD_Device
                0x20001258                GPIO_InitStructure
 COMMON         0x20001268       0x50 ..\obj\serial_print.o
                0x20001268                printbuf
 COMMON         0x200012b8      0x100 ..\obj\usbd_desc.o
                0x200012b8                USBD_StrDesc
 COMMON         0x200013b8      0x420 ..\obj\usbd_conf.o
                0x200013b8                hpcd
 COMMON         0x200017d8       0x1c ..\obj\stm32_systick.o
                0x200017d8                Systick_C2
                0x200017e0                Systick_C1
                0x200017e8                Systick_Delay
                0x200017ec                Systick_T2
                0x200017f0                Systick_T1
 COMMON         0x200017f4      0x148 ..\obj\stm32_uart.o
                0x200017f4                Uart3Handle
                0x2000184c                aRxBuffer
                0x2000189c                aLastLine
                0x200018ec                aTxBuffer
 COMMON         0x2000193c       0x8a ..\obj\sbus.o
                0x2000193c                Uart1Handle
                0x20001994                charbuffer
 *fill*         0x200019c6        0x2 
 COMMON         0x200019c8     0x1054 ..\obj\usbd_cdc_interface.o
                0x200019c8                BuffLength
                0x200019cc                UserTxBuffer
                0x200021cc                UserRxBuffer
                0x200029cc                rxbuffer
 COMMON         0x20002a1c      0x15c ..\obj\stm32_servo_input.o
                0x20002a1c                ICPWM_Var
                0x20002b3c                Tim1HandleServoIn
 COMMON         0x20002b78       0x5c ..\obj\stm32_eval_spi_flash.o
                0x20002b78                command
                0x20002b7c                SpiHandle
 *fill*         0x20002bd4        0x4 
 COMMON         0x20002bd8       0x18 ..\obj\controller.o
                0x20002bd8                Q2
                0x20002be0                Q0
                0x20002be8                Q1
 COMMON         0x20002bf0        0x4 c:/program files (x86)/gnu tools arm embedded/4.8 2014q3/bin/../lib/gcc/arm-none-eabi/4.8.4/../../../../arm-none-eabi/lib/armv7-m\libc.a(lib_a-reent.o)
                0x20002bf0                errno
                0x20002bf4                . = ALIGN (0x4)
                0x20002bf4                __bss_end__ = .
                0x20002bf4                _ebss = __bss_end__

.heap           0x20002bf4        0x0
                0x20002bf4                __end__ = .
                0x20002bf4                _end = __end__
                0x20002bf4                end = __end__
 *(.heap*)
                0x20002bf4                __HeapLimit = .

.co_stack       0x20002bf4        0x4 load address 0x080142fc
                0x20002bf8                . = ALIGN (0x8)
 *fill*         0x20002bf4        0x4 
 *(.co_stack .co_stack.*)
                0x20005000                __StackTop = (ORIGIN (ram) + 0x5000)
                0x20004ffc                __StackLimit = (__StackTop - SIZEOF (.co_stack))
                0x20005000                PROVIDE (__stack, __StackTop)
                0x00000001                ASSERT ((__StackLimit >= __HeapLimit), region ram  overflowed with stack)
LOAD ..\obj\stm32f1xx_hal_rcc_ex.o
LOAD ..\obj\stm32f1xx_hal_pwr.o
LOAD ..\obj\stm32_servo_output.o
LOAD ..\obj\stm32f1xx_hal_can.o
LOAD ..\obj\stm32f1xx_hal.o
LOAD ..\obj\protocol.o
LOAD ..\obj\stm32f1xx_it.o
LOAD ..\obj\stm32f1xx_hal_dac.o
LOAD ..\obj\stm32f1xx_hal_gpio_ex.o
LOAD ..\obj\stm32f1xx_hal_wwdg.o
LOAD ..\obj\stm32_encoder.o
LOAD ..\obj\stm32f1xx_hal_cortex.o
LOAD ..\obj\stm32f1xx_hal_crc.o
LOAD ..\obj\system_stm32f1xx.o
LOAD ..\obj\stm32f1xx_hal_iwdg.o
LOAD ..\obj\stm32f1xx_hal_rcc.o
LOAD ..\obj\stm32f1xx_hal_dac_ex.o
LOAD ..\obj\stm32f1xx_hal_adc.o
LOAD ..\obj\stm32f1xx_hal_i2s.o
LOAD ..\obj\stm32f1xx_hal_smartcard.o
LOAD ..\obj\stm32f1xx_hal_pcd.o
LOAD ..\obj\stm32f1xx_hal_uart.o
LOAD ..\obj\usbd_core.o
LOAD ..\obj\main.o
LOAD ..\obj\startup_stm32f103xb.o
LOAD ..\obj\stm32f1xx_hal_usart.o
LOAD ..\obj\stm32f1xx_hal_nor.o
LOAD ..\obj\serial_print.o
LOAD ..\obj\stm32f1xx_ll_usb.o
LOAD ..\obj\stm32f1xx_hal_spi_ex.o
LOAD ..\obj\stm32f1xx_hal_cec.o
LOAD ..\obj\stm32f1xx_hal_hcd.o
LOAD ..\obj\clock_50Hz.o
LOAD ..\obj\stm32f1xx_hal_flash.o
LOAD ..\obj\stm32f1xx_hal_gpio.o
LOAD ..\obj\stm32f1xx_hal_dma.o
LOAD ..\obj\usbd_desc.o
LOAD ..\obj\usbd_conf.o
LOAD ..\obj\stm32_systick.o
LOAD ..\obj\stm32f1xx_hal_adc_ex.o
LOAD ..\obj\stm32f1xx_hal_irda.o
LOAD ..\obj\stm32_uart.o
LOAD ..\obj\sbus.o
LOAD ..\obj\stm32f1xx_hal_sd.o
LOAD ..\obj\stm32f1xx_hal_spi.o
LOAD ..\obj\stm32f1xx_hal_i2c.o
LOAD ..\obj\printf2.o
LOAD ..\obj\debug.o
LOAD ..\obj\stm32f1xx_hal_eth.o
LOAD ..\obj\stm32f1xx_ll_fsmc.o
LOAD ..\obj\usbd_cdc.o
LOAD ..\obj\stm32f1xx_hal_rtc.o
LOAD ..\obj\stm32f1xx_hal_tim.o
LOAD ..\obj\usbd_cdc_interface.o
LOAD ..\obj\stm32f1xx_hal_flash_ex.o
LOAD ..\obj\usbd_ctlreq.o
LOAD ..\obj\stm32_servo_input.o
LOAD ..\obj\stm32f1xx_hal_pcd_ex.o
LOAD ..\obj\stm32_eval_spi_flash.o
LOAD ..\obj\stm32f1xx_hal_nand.o
LOAD ..\obj\usbd_ioreq.o
LOAD ..\obj\stm32f1xx_hal_pccard.o
LOAD ..\obj\stm32f1xx_hal_sram.o
LOAD ..\obj\controller.o
LOAD ..\obj\stm32f1xx_hal_rtc_ex.o
LOAD ..\obj\stm32f1xx_hal_tim_ex.o
LOAD ..\obj\stm32f1xx_hal_msp_template.o
LOAD ..\obj\stm32f1xx_ll_sdmmc.o
LOAD ..\obj\eeprom.o
LOAD c:/program files (x86)/gnu tools arm embedded/4.8 2014q3/bin/../lib/gcc/arm-none-eabi/4.8.4/../../../../arm-none-eabi/lib/armv7-m\libm.a
LOAD c:/program files (x86)/gnu tools arm embedded/4.8 2014q3/bin/../lib/gcc/arm-none-eabi/4.8.4/armv7-m\libgcc.a
LOAD c:/program files (x86)/gnu tools arm embedded/4.8 2014q3/bin/../lib/gcc/arm-none-eabi/4.8.4/../../../../arm-none-eabi/lib/armv7-m\libc.a
START GROUP
LOAD c:/program files (x86)/gnu tools arm embedded/4.8 2014q3/bin/../lib/gcc/arm-none-eabi/4.8.4/armv7-m\libgcc.a
LOAD c:/program files (x86)/gnu tools arm embedded/4.8 2014q3/bin/../lib/gcc/arm-none-eabi/4.8.4/../../../../arm-none-eabi/lib/armv7-m\libg.a
LOAD c:/program files (x86)/gnu tools arm embedded/4.8 2014q3/bin/../lib/gcc/arm-none-eabi/4.8.4/../../../../arm-none-eabi/lib/armv7-m\libc.a
END GROUP
LOAD c:/program files (x86)/gnu tools arm embedded/4.8 2014q3/bin/../lib/gcc/arm-none-eabi/4.8.4/armv7-m/crtend.o
LOAD c:/program files (x86)/gnu tools arm embedded/4.8 2014q3/bin/../lib/gcc/arm-none-eabi/4.8.4/armv7-m/crtn.o
OUTPUT(CC3D CableCam Controller.elf elf32-littlearm)

.ARM.attributes
                0x00000000       0x29
 .ARM.attributes
                0x00000000       0x1d c:/program files (x86)/gnu tools arm embedded/4.8 2014q3/bin/../lib/gcc/arm-none-eabi/4.8.4/armv7-m/crti.o
 .ARM.attributes
                0x0000001d       0x2d c:/program files (x86)/gnu tools arm embedded/4.8 2014q3/bin/../lib/gcc/arm-none-eabi/4.8.4/armv7-m/crtbegin.o
 .ARM.attributes
                0x0000004a       0x33 ..\obj\stm32f1xx_hal_rcc_ex.o
 .ARM.attributes
                0x0000007d       0x33 ..\obj\stm32_servo_output.o
 .ARM.attributes
                0x000000b0       0x33 ..\obj\stm32f1xx_hal.o
 .ARM.attributes
                0x000000e3       0x33 ..\obj\protocol.o
 .ARM.attributes
                0x00000116       0x33 ..\obj\stm32f1xx_it.o
 .ARM.attributes
                0x00000149       0x33 ..\obj\stm32_encoder.o
 .ARM.attributes
                0x0000017c       0x33 ..\obj\stm32f1xx_hal_cortex.o
 .ARM.attributes
                0x000001af       0x33 ..\obj\system_stm32f1xx.o
 .ARM.attributes
                0x000001e2       0x33 ..\obj\stm32f1xx_hal_rcc.o
 .ARM.attributes
                0x00000215       0x33 ..\obj\stm32f1xx_hal_pcd.o
 .ARM.attributes
                0x00000248       0x33 ..\obj\stm32f1xx_hal_uart.o
 .ARM.attributes
                0x0000027b       0x33 ..\obj\usbd_core.o
 .ARM.attributes
                0x000002ae       0x33 ..\obj\main.o
 .ARM.attributes
                0x000002e1       0x21 ..\obj\startup_stm32f103xb.o
 .ARM.attributes
                0x00000302       0x33 ..\obj\serial_print.o
 .ARM.attributes
                0x00000335       0x33 ..\obj\stm32f1xx_ll_usb.o
 .ARM.attributes
                0x00000368       0x33 ..\obj\stm32f1xx_hal_spi_ex.o
 .ARM.attributes
                0x0000039b       0x33 ..\obj\clock_50Hz.o
 .ARM.attributes
                0x000003ce       0x33 ..\obj\stm32f1xx_hal_gpio.o
 .ARM.attributes
                0x00000401       0x33 ..\obj\usbd_desc.o
 .ARM.attributes
                0x00000434       0x33 ..\obj\usbd_conf.o
 .ARM.attributes
                0x00000467       0x33 ..\obj\stm32_systick.o
 .ARM.attributes
                0x0000049a       0x33 ..\obj\stm32_uart.o
 .ARM.attributes
                0x000004cd       0x33 ..\obj\sbus.o
 .ARM.attributes
                0x00000500       0x33 ..\obj\stm32f1xx_hal_spi.o
 .ARM.attributes
                0x00000533       0x33 ..\obj\printf2.o
 .ARM.attributes
                0x00000566       0x33 ..\obj\debug.o
 .ARM.attributes
                0x00000599       0x33 ..\obj\usbd_cdc.o
 .ARM.attributes
                0x000005cc       0x33 ..\obj\stm32f1xx_hal_tim.o
 .ARM.attributes
                0x000005ff       0x33 ..\obj\usbd_cdc_interface.o
 .ARM.attributes
                0x00000632       0x33 ..\obj\usbd_ctlreq.o
 .ARM.attributes
                0x00000665       0x33 ..\obj\stm32_servo_input.o
 .ARM.attributes
                0x00000698       0x33 ..\obj\stm32f1xx_hal_pcd_ex.o
 .ARM.attributes
                0x000006cb       0x33 ..\obj\stm32_eval_spi_flash.o
 .ARM.attributes
                0x000006fe       0x33 ..\obj\usbd_ioreq.o
 .ARM.attributes
                0x00000731       0x33 ..\obj\controller.o
 .ARM.attributes
                0x00000764       0x33 ..\obj\stm32f1xx_hal_tim_ex.o
 .ARM.attributes
                0x00000797       0x33 ..\obj\stm32f1xx_hal_msp_template.o
 .ARM.attributes
                0x000007ca       0x33 ..\obj\eeprom.o
 .ARM.attributes
                0x000007fd       0x1d c:/program files (x86)/gnu tools arm embedded/4.8 2014q3/bin/../lib/gcc/arm-none-eabi/4.8.4/armv7-m\libgcc.a(_arm_addsubdf3.o)
 .ARM.attributes
                0x0000081a       0x1d c:/program files (x86)/gnu tools arm embedded/4.8 2014q3/bin/../lib/gcc/arm-none-eabi/4.8.4/armv7-m\libgcc.a(_arm_muldivdf3.o)
 .ARM.attributes
                0x00000837       0x1d c:/program files (x86)/gnu tools arm embedded/4.8 2014q3/bin/../lib/gcc/arm-none-eabi/4.8.4/armv7-m\libgcc.a(_arm_cmpdf2.o)
 .ARM.attributes
                0x00000854       0x1d c:/program files (x86)/gnu tools arm embedded/4.8 2014q3/bin/../lib/gcc/arm-none-eabi/4.8.4/armv7-m\libgcc.a(_arm_fixdfsi.o)
 .ARM.attributes
                0x00000871       0x1d c:/program files (x86)/gnu tools arm embedded/4.8 2014q3/bin/../lib/gcc/arm-none-eabi/4.8.4/armv7-m\libgcc.a(_arm_fixunsdfsi.o)
 .ARM.attributes
                0x0000088e       0x1d c:/program files (x86)/gnu tools arm embedded/4.8 2014q3/bin/../lib/gcc/arm-none-eabi/4.8.4/armv7-m\libgcc.a(_arm_addsubsf3.o)
 .ARM.attributes
                0x000008ab       0x1d c:/program files (x86)/gnu tools arm embedded/4.8 2014q3/bin/../lib/gcc/arm-none-eabi/4.8.4/armv7-m\libgcc.a(_arm_muldivsf3.o)
 .ARM.attributes
                0x000008c8       0x1d c:/program files (x86)/gnu tools arm embedded/4.8 2014q3/bin/../lib/gcc/arm-none-eabi/4.8.4/armv7-m\libgcc.a(_arm_fixunssfsi.o)
 .ARM.attributes